Archive member included to satisfy reference by file (symbol)

c:/st/stm32cubeide_1.5.1/stm32cubeide/plugins/com.st.stm32cube.ide.mcu.externaltools.gnu-tools-for-stm32.7-2018-q2-update.win32_1.5.0.202011040924/tools/bin/../lib/gcc/arm-none-eabi/7.3.1/../../../../arm-none-eabi/lib/thumb/v7-m\libc_nano.a(lib_a-errno.o)
                              Core/Src/syscalls.o (__errno)
c:/st/stm32cubeide_1.5.1/stm32cubeide/plugins/com.st.stm32cube.ide.mcu.externaltools.gnu-tools-for-stm32.7-2018-q2-update.win32_1.5.0.202011040924/tools/bin/../lib/gcc/arm-none-eabi/7.3.1/../../../../arm-none-eabi/lib/thumb/v7-m\libc_nano.a(lib_a-exit.o)
                              c:/st/stm32cubeide_1.5.1/stm32cubeide/plugins/com.st.stm32cube.ide.mcu.externaltools.gnu-tools-for-stm32.7-2018-q2-update.win32_1.5.0.202011040924/tools/bin/../lib/gcc/arm-none-eabi/7.3.1/../../../../arm-none-eabi/lib/thumb/v7-m/crt0.o (exit)
c:/st/stm32cubeide_1.5.1/stm32cubeide/plugins/com.st.stm32cube.ide.mcu.externaltools.gnu-tools-for-stm32.7-2018-q2-update.win32_1.5.0.202011040924/tools/bin/../lib/gcc/arm-none-eabi/7.3.1/../../../../arm-none-eabi/lib/thumb/v7-m\libc_nano.a(lib_a-impure.o)
                              c:/st/stm32cubeide_1.5.1/stm32cubeide/plugins/com.st.stm32cube.ide.mcu.externaltools.gnu-tools-for-stm32.7-2018-q2-update.win32_1.5.0.202011040924/tools/bin/../lib/gcc/arm-none-eabi/7.3.1/../../../../arm-none-eabi/lib/thumb/v7-m\libc_nano.a(lib_a-exit.o) (_global_impure_ptr)
c:/st/stm32cubeide_1.5.1/stm32cubeide/plugins/com.st.stm32cube.ide.mcu.externaltools.gnu-tools-for-stm32.7-2018-q2-update.win32_1.5.0.202011040924/tools/bin/../lib/gcc/arm-none-eabi/7.3.1/../../../../arm-none-eabi/lib/thumb/v7-m\libc_nano.a(lib_a-init.o)
                              c:/st/stm32cubeide_1.5.1/stm32cubeide/plugins/com.st.stm32cube.ide.mcu.externaltools.gnu-tools-for-stm32.7-2018-q2-update.win32_1.5.0.202011040924/tools/bin/../lib/gcc/arm-none-eabi/7.3.1/../../../../arm-none-eabi/lib/thumb/v7-m/crt0.o (__libc_init_array)
c:/st/stm32cubeide_1.5.1/stm32cubeide/plugins/com.st.stm32cube.ide.mcu.externaltools.gnu-tools-for-stm32.7-2018-q2-update.win32_1.5.0.202011040924/tools/bin/../lib/gcc/arm-none-eabi/7.3.1/../../../../arm-none-eabi/lib/thumb/v7-m\libc_nano.a(lib_a-memcpy-stub.o)
                              Core/Src/SEGGER_RTT.o (memcpy)
c:/st/stm32cubeide_1.5.1/stm32cubeide/plugins/com.st.stm32cube.ide.mcu.externaltools.gnu-tools-for-stm32.7-2018-q2-update.win32_1.5.0.202011040924/tools/bin/../lib/gcc/arm-none-eabi/7.3.1/../../../../arm-none-eabi/lib/thumb/v7-m\libc_nano.a(lib_a-memset.o)
                              c:/st/stm32cubeide_1.5.1/stm32cubeide/plugins/com.st.stm32cube.ide.mcu.externaltools.gnu-tools-for-stm32.7-2018-q2-update.win32_1.5.0.202011040924/tools/bin/../lib/gcc/arm-none-eabi/7.3.1/../../../../arm-none-eabi/lib/thumb/v7-m/crt0.o (memset)
c:/st/stm32cubeide_1.5.1/stm32cubeide/plugins/com.st.stm32cube.ide.mcu.externaltools.gnu-tools-for-stm32.7-2018-q2-update.win32_1.5.0.202011040924/tools/bin/../lib/gcc/arm-none-eabi/7.3.1/../../../../arm-none-eabi/lib/thumb/v7-m\libc_nano.a(lib_a-strlen.o)
                              Core/Src/SEGGER_RTT.o (strlen)

Allocating common symbols
Common symbol       size              file

hUsbDeviceFS        0x2c4             USB_DEVICE/App/usb_device.o
keyboard_report     0x9               Core/Src/keyboard.o
uwTick              0x4               Drivers/STM32F1xx_HAL_Driver/Src/stm32f1xx_hal.o
pFlash              0x20              Drivers/STM32F1xx_HAL_Driver/Src/stm32f1xx_hal_flash.o
kbuf                0x90              Core/Src/keyboard.o
leds_data           0x1               Core/Src/keyboard.o
leds_updated        0x1               Core/Src/keyboard.o
htim1               0x48              Core/Src/tim.o
pbuf                0x40              Core/Src/ps2.o
hpcd_USB_FS         0x2ec             USB_DEVICE/Target/usbd_conf.o
_SEGGER_RTT         0x78              Core/Src/SEGGER_RTT.o
USBD_StrDesc        0x200             USB_DEVICE/App/usbd_desc.o

Discarded input sections

 .text          0x0000000000000000        0x0 c:/st/stm32cubeide_1.5.1/stm32cubeide/plugins/com.st.stm32cube.ide.mcu.externaltools.gnu-tools-for-stm32.7-2018-q2-update.win32_1.5.0.202011040924/tools/bin/../lib/gcc/arm-none-eabi/7.3.1/thumb/v7-m/crti.o
 .data          0x0000000000000000        0x0 c:/st/stm32cubeide_1.5.1/stm32cubeide/plugins/com.st.stm32cube.ide.mcu.externaltools.gnu-tools-for-stm32.7-2018-q2-update.win32_1.5.0.202011040924/tools/bin/../lib/gcc/arm-none-eabi/7.3.1/thumb/v7-m/crti.o
 .bss           0x0000000000000000        0x0 c:/st/stm32cubeide_1.5.1/stm32cubeide/plugins/com.st.stm32cube.ide.mcu.externaltools.gnu-tools-for-stm32.7-2018-q2-update.win32_1.5.0.202011040924/tools/bin/../lib/gcc/arm-none-eabi/7.3.1/thumb/v7-m/crti.o
[...]
Memory Configuration

Name             Origin             Length             Attributes
RAM              0x0000000020000000 0x0000000000005000 xrw
FLASH            0x0000000008000000 0x0000000000010000 xr
*default*        0x0000000000000000 0xffffffffffffffff

Linker script and memory map

LOAD c:/st/stm32cubeide_1.5.1/stm32cubeide/plugins/com.st.stm32cube.ide.mcu.externaltools.gnu-tools-for-stm32.7-2018-q2-update.win32_1.5.0.202011040924/tools/bin/../lib/gcc/arm-none-eabi/7.3.1/thumb/v7-m/crti.o
LOAD c:/st/stm32cubeide_1.5.1/stm32cubeide/plugins/com.st.stm32cube.ide.mcu.externaltools.gnu-tools-for-stm32.7-2018-q2-update.win32_1.5.0.202011040924/tools/bin/../lib/gcc/arm-none-eabi/7.3.1/thumb/v7-m/crtbegin.o
LOAD c:/st/stm32cubeide_1.5.1/stm32cubeide/plugins/com.st.stm32cube.ide.mcu.externaltools.gnu-tools-for-stm32.7-2018-q2-update.win32_1.5.0.202011040924/tools/bin/../lib/gcc/arm-none-eabi/7.3.1/../../../../arm-none-eabi/lib/thumb/v7-m/crt0.o
LOAD Core/Src/SEGGER_RTT.o
LOAD Core/Src/SEGGER_RTT_printf.o
LOAD Core/Src/eee.o
LOAD Core/Src/gpio.o
LOAD Core/Src/kb_matrix.o
LOAD Core/Src/kb_prog.o
LOAD Core/Src/keyboard.o
LOAD Core/Src/main.o
LOAD Core/Src/ps2.o
LOAD Core/Src/stm32f1xx_hal_msp.o
LOAD Core/Src/stm32f1xx_it.o
LOAD Core/Src/syscalls.o
LOAD Core/Src/sysmem.o
LOAD Core/Src/system_stm32f1xx.o
LOAD Core/Src/tim.o
LOAD Core/Startup/startup_stm32f103c8tx.o
LOAD Drivers/STM32F1xx_HAL_Driver/Src/stm32f1xx_hal.o
LOAD Drivers/STM32F1xx_HAL_Driver/Src/stm32f1xx_hal_cortex.o
LOAD Drivers/STM32F1xx_HAL_Driver/Src/stm32f1xx_hal_dma.o
LOAD Drivers/STM32F1xx_HAL_Driver/Src/stm32f1xx_hal_exti.o
LOAD Drivers/STM32F1xx_HAL_Driver/Src/stm32f1xx_hal_flash.o
LOAD Drivers/STM32F1xx_HAL_Driver/Src/stm32f1xx_hal_flash_ex.o
LOAD Drivers/STM32F1xx_HAL_Driver/Src/stm32f1xx_hal_gpio.o
LOAD Drivers/STM32F1xx_HAL_Driver/Src/stm32f1xx_hal_gpio_ex.o
LOAD Drivers/STM32F1xx_HAL_Driver/Src/stm32f1xx_hal_pcd.o
LOAD Drivers/STM32F1xx_HAL_Driver/Src/stm32f1xx_hal_pcd_ex.o
LOAD Drivers/STM32F1xx_HAL_Driver/Src/stm32f1xx_hal_pwr.o
LOAD Drivers/STM32F1xx_HAL_Driver/Src/stm32f1xx_hal_rcc.o
LOAD Drivers/STM32F1xx_HAL_Driver/Src/stm32f1xx_hal_rcc_ex.o
LOAD Drivers/STM32F1xx_HAL_Driver/Src/stm32f1xx_hal_tim.o
LOAD Drivers/STM32F1xx_HAL_Driver/Src/stm32f1xx_hal_tim_ex.o
LOAD Drivers/STM32F1xx_HAL_Driver/Src/stm32f1xx_ll_usb.o
LOAD Middlewares/ST/STM32_USB_Device_Library/Class/HID/Src/usbd_hid.o
LOAD Middlewares/ST/STM32_USB_Device_Library/Core/Src/usbd_core.o
LOAD Middlewares/ST/STM32_USB_Device_Library/Core/Src/usbd_ctlreq.o
LOAD Middlewares/ST/STM32_USB_Device_Library/Core/Src/usbd_ioreq.o
LOAD USB_DEVICE/App/usb_device.o
LOAD USB_DEVICE/App/usbd_desc.o
LOAD USB_DEVICE/Target/usbd_conf.o
START GROUP
LOAD c:/st/stm32cubeide_1.5.1/stm32cubeide/plugins/com.st.stm32cube.ide.mcu.externaltools.gnu-tools-for-stm32.7-2018-q2-update.win32_1.5.0.202011040924/tools/bin/../lib/gcc/arm-none-eabi/7.3.1/../../../../arm-none-eabi/lib/thumb/v7-m\libc_nano.a
LOAD c:/st/stm32cubeide_1.5.1/stm32cubeide/plugins/com.st.stm32cube.ide.mcu.externaltools.gnu-tools-for-stm32.7-2018-q2-update.win32_1.5.0.202011040924/tools/bin/../lib/gcc/arm-none-eabi/7.3.1/../../../../arm-none-eabi/lib/thumb/v7-m\libm.a
END GROUP
START GROUP
LOAD c:/st/stm32cubeide_1.5.1/stm32cubeide/plugins/com.st.stm32cube.ide.mcu.externaltools.gnu-tools-for-stm32.7-2018-q2-update.win32_1.5.0.202011040924/tools/bin/../lib/gcc/arm-none-eabi/7.3.1/thumb/v7-m\libgcc.a
LOAD c:/st/stm32cubeide_1.5.1/stm32cubeide/plugins/com.st.stm32cube.ide.mcu.externaltools.gnu-tools-for-stm32.7-2018-q2-update.win32_1.5.0.202011040924/tools/bin/../lib/gcc/arm-none-eabi/7.3.1/../../../../arm-none-eabi/lib/thumb/v7-m\libc_nano.a
END GROUP
START GROUP
LOAD c:/st/stm32cubeide_1.5.1/stm32cubeide/plugins/com.st.stm32cube.ide.mcu.externaltools.gnu-tools-for-stm32.7-2018-q2-update.win32_1.5.0.202011040924/tools/bin/../lib/gcc/arm-none-eabi/7.3.1/thumb/v7-m\libgcc.a
LOAD c:/st/stm32cubeide_1.5.1/stm32cubeide/plugins/com.st.stm32cube.ide.mcu.externaltools.gnu-tools-for-stm32.7-2018-q2-update.win32_1.5.0.202011040924/tools/bin/../lib/gcc/arm-none-eabi/7.3.1/../../../../arm-none-eabi/lib/thumb/v7-m\libc_nano.a
LOAD c:/st/stm32cubeide_1.5.1/stm32cubeide/plugins/com.st.stm32cube.ide.mcu.externaltools.gnu-tools-for-stm32.7-2018-q2-update.win32_1.5.0.202011040924/tools/bin/../lib/gcc/arm-none-eabi/7.3.1/../../../../arm-none-eabi/lib/thumb/v7-m\libnosys.a
END GROUP
START GROUP
LOAD c:/st/stm32cubeide_1.5.1/stm32cubeide/plugins/com.st.stm32cube.ide.mcu.externaltools.gnu-tools-for-stm32.7-2018-q2-update.win32_1.5.0.202011040924/tools/bin/../lib/gcc/arm-none-eabi/7.3.1/thumb/v7-m\libgcc.a
LOAD c:/st/stm32cubeide_1.5.1/stm32cubeide/plugins/com.st.stm32cube.ide.mcu.externaltools.gnu-tools-for-stm32.7-2018-q2-update.win32_1.5.0.202011040924/tools/bin/../lib/gcc/arm-none-eabi/7.3.1/../../../../arm-none-eabi/lib/thumb/v7-m\libc_nano.a
LOAD c:/st/stm32cubeide_1.5.1/stm32cubeide/plugins/com.st.stm32cube.ide.mcu.externaltools.gnu-tools-for-stm32.7-2018-q2-update.win32_1.5.0.202011040924/tools/bin/../lib/gcc/arm-none-eabi/7.3.1/../../../../arm-none-eabi/lib/thumb/v7-m\libnosys.a
END GROUP
LOAD c:/st/stm32cubeide_1.5.1/stm32cubeide/plugins/com.st.stm32cube.ide.mcu.externaltools.gnu-tools-for-stm32.7-2018-q2-update.win32_1.5.0.202011040924/tools/bin/../lib/gcc/arm-none-eabi/7.3.1/thumb/v7-m/crtend.o
LOAD c:/st/stm32cubeide_1.5.1/stm32cubeide/plugins/com.st.stm32cube.ide.mcu.externaltools.gnu-tools-for-stm32.7-2018-q2-update.win32_1.5.0.202011040924/tools/bin/../lib/gcc/arm-none-eabi/7.3.1/thumb/v7-m/crtn.o
                0x0000000020005000                _estack = (ORIGIN (RAM) + LENGTH (RAM))
                0x0000000000000200                _Min_Heap_Size = 0x200
                0x0000000000000400                _Min_Stack_Size = 0x400

.isr_vector     0x0000000008000000      0x10c
                0x0000000008000000                . = ALIGN (0x4)
 *(.isr_vector)
 .isr_vector    0x0000000008000000      0x10c Core/Startup/startup_stm32f103c8tx.o
                0x0000000008000000                g_pfnVectors
                0x000000000800010c                . = ALIGN (0x4)

.text           0x000000000800010c     0x91f8
                0x000000000800010c                . = ALIGN (0x4)
 *(.text)
 .text          0x000000000800010c       0x40 c:/st/stm32cubeide_1.5.1/stm32cubeide/plugins/com.st.stm32cube.ide.mcu.externaltools.gnu-tools-for-stm32.7-2018-q2-update.win32_1.5.0.202011040924/tools/bin/../lib/gcc/arm-none-eabi/7.3.1/thumb/v7-m/crtbegin.o
 *(.text*)
 .text._DoInit  0x000000000800014c       0xa4 Core/Src/SEGGER_RTT.o
 .text._WriteBlocking
                0x00000000080001f0       0xb4 Core/Src/SEGGER_RTT.o
 .text._WriteNoCheck
                0x00000000080002a4       0x80 Core/Src/SEGGER_RTT.o
 .text._GetAvailWriteSpace
                0x0000000008000324       0x44 Core/Src/SEGGER_RTT.o
 .text.SEGGER_RTT_WriteNoLock
                0x0000000008000368       0x9c Core/Src/SEGGER_RTT.o
                0x0000000008000368                SEGGER_RTT_WriteNoLock
 .text.SEGGER_RTT_Write
                0x0000000008000404       0x48 Core/Src/SEGGER_RTT.o
                0x0000000008000404                SEGGER_RTT_Write
 .text.SEGGER_RTT_Init
                0x000000000800044c        0xc Core/Src/SEGGER_RTT.o
                0x000000000800044c                SEGGER_RTT_Init
 .text._StoreChar
                0x0000000008000458       0x7c Core/Src/SEGGER_RTT_printf.o
 .text._PrintUnsigned
                0x00000000080004d4      0x158 Core/Src/SEGGER_RTT_printf.o
 .text._PrintInt
                0x000000000800062c      0x14e Core/Src/SEGGER_RTT_printf.o
 *fill*         0x000000000800077a        0x2 
 .text.SEGGER_RTT_vprintf
                0x000000000800077c      0x32c Core/Src/SEGGER_RTT_printf.o
                0x000000000800077c                SEGGER_RTT_vprintf
 .text.SEGGER_RTT_printf
                0x0000000008000aa8       0x2e Core/Src/SEGGER_RTT_printf.o
                0x0000000008000aa8                SEGGER_RTT_printf
 *fill*         0x0000000008000ad6        0x2 
 .text.EEE_erase
                0x0000000008000ad8       0x60 Core/Src/eee.o
                0x0000000008000ad8                EEE_erase
 .text.EEE_write
                0x0000000008000b38       0x5c Core/Src/eee.o
                0x0000000008000b38                EEE_write
 .text.EEE_read
                0x0000000008000b94       0x30 Core/Src/eee.o
                0x0000000008000b94                EEE_read
 .text.MX_GPIO_Init
                0x0000000008000bc4      0x16c Core/Src/gpio.o
                0x0000000008000bc4                MX_GPIO_Init
 .text.data_low
                0x0000000008000d30       0x48 Core/Src/gpio.o
                0x0000000008000d30                data_low
 .text.clock_low
                0x0000000008000d78       0x48 Core/Src/gpio.o
                0x0000000008000d78                clock_low
 .text.data_release
                0x0000000008000dc0       0x38 Core/Src/gpio.o
                0x0000000008000dc0                data_release
 .text.clock_release
                0x0000000008000df8       0x3c Core/Src/gpio.o
                0x0000000008000df8                clock_release
 .text.matrix_scan
                0x0000000008000e34      0x330 Core/Src/kb_matrix.o
                0x0000000008000e34                matrix_scan
 .text.matrix_is_on
                0x0000000008001164       0x38 Core/Src/kb_matrix.o
                0x0000000008001164                matrix_is_on
 .text.matrix_make
                0x000000000800119c       0xa4 Core/Src/kb_matrix.o
                0x000000000800119c                matrix_make
 .text.matrix_break
                0x0000000008001240       0xa8 Core/Src/kb_matrix.o
                0x0000000008001240                matrix_break
 .text.matrix_clear
                0x00000000080012e8       0x30 Core/Src/kb_matrix.o
 .text.is_prog_error
                0x0000000008001318       0x14 Core/Src/kb_prog.o
                0x0000000008001318                is_prog_error
 .text.is_disco_time
                0x000000000800132c       0x48 Core/Src/kb_prog.o
                0x000000000800132c                is_disco_time
 .text.prog_push_code
                0x0000000008001374       0xe0 Core/Src/kb_prog.o
                0x0000000008001374                prog_push_code
 .text.prog_pop_code
                0x0000000008001454       0xd0 Core/Src/kb_prog.o
                0x0000000008001454                prog_pop_code
 .text.reset_prog
                0x0000000008001524       0x34 Core/Src/kb_prog.o
                0x0000000008001524                reset_prog
 .text.prog_pressed
                0x0000000008001558       0x50 Core/Src/kb_prog.o
                0x0000000008001558                prog_pressed
 .text.prog_released
                0x00000000080015a8       0x8c Core/Src/kb_prog.o
                0x00000000080015a8                prog_released
 .text.send_system
                0x0000000008001634       0x58 Core/Src/keyboard.o
 .text.send_consumer
                0x000000000800168c       0x58 Core/Src/keyboard.o
 .text.add_mods
                0x00000000080016e4       0x28 Core/Src/keyboard.o
                0x00000000080016e4                add_mods
 .text.del_mods
                0x000000000800170c       0x30 Core/Src/keyboard.o
                0x000000000800170c                del_mods
 .text.add_key_byte
                0x000000000800173c       0x84 Core/Src/keyboard.o
 .text.del_key_byte
                0x00000000080017c0       0x44 Core/Src/keyboard.o
 .text.keymap_key_to_keycode
                0x0000000008001804       0x2c Core/Src/keyboard.o
                0x0000000008001804                keymap_key_to_keycode
 .text.register_code
                0x0000000008001830      0x1a4 Core/Src/keyboard.o
                0x0000000008001830                register_code
 .text.unregister_code
                0x00000000080019d4       0xac Core/Src/keyboard.o
                0x00000000080019d4                unregister_code
 .text.process_keyboard_USB
                0x0000000008001a80      0x16c Core/Src/keyboard.o
                0x0000000008001a80                process_keyboard_USB
 .text.USB_HID_buffer_sent_Callback
                0x0000000008001bec       0x18 Core/Src/keyboard.o
                0x0000000008001bec                USB_HID_buffer_sent_Callback
 .text.kbuf_push
                0x0000000008001c04       0x64 Core/Src/keyboard.o
                0x0000000008001c04                kbuf_push
 .text.send_keyboard_report
                0x0000000008001c68       0x24 Core/Src/keyboard.o
                0x0000000008001c68                send_keyboard_report
 .text.main     0x0000000008001c8c       0x54 Core/Src/main.o
                0x0000000008001c8c                main
 .text.SystemClock_Config
                0x0000000008001ce0       0xb6 Core/Src/main.o
                0x0000000008001ce0                SystemClock_Config
 .text.Error_Handler
                0x0000000008001d96        0x8 Core/Src/main.o
                0x0000000008001d96                Error_Handler
 *fill*         0x0000000008001d9e        0x2 
 .text.HAL_GPIO_EXTI_Callback
                0x0000000008001da0      0x200 Core/Src/ps2.o
                0x0000000008001da0                HAL_GPIO_EXTI_Callback
 .text.init_PS2
                0x0000000008001fa0       0x4a Core/Src/ps2.o
                0x0000000008001fa0                init_PS2
 *fill*         0x0000000008001fea        0x2 
 .text.send_PS2
                0x0000000008001fec       0x48 Core/Src/ps2.o
                0x0000000008001fec                send_PS2
 .text.SET_LEDS_Callback
                0x0000000008002034       0x64 Core/Src/ps2.o
                0x0000000008002034                SET_LEDS_Callback
 .text.USBD_Sleep_Callback
                0x0000000008002098       0x24 Core/Src/ps2.o
                0x0000000008002098                USBD_Sleep_Callback
 .text.leds_PS2
                0x00000000080020bc       0x7c Core/Src/ps2.o
                0x00000000080020bc                leds_PS2
 .text.wait_response_PS2
                0x0000000008002138       0x3a Core/Src/ps2.o
                0x0000000008002138                wait_response_PS2
 *fill*         0x0000000008002172        0x2 
 .text.process_PS2
                0x0000000008002174       0x68 Core/Src/ps2.o
                0x0000000008002174                process_PS2
 .text.buf_push
                0x00000000080021dc       0x54 Core/Src/ps2.o
                0x00000000080021dc                buf_push
 .text.buf_pop  0x0000000008002230       0x54 Core/Src/ps2.o
                0x0000000008002230                buf_pop
 .text.buf_has_data
                0x0000000008002284       0x28 Core/Src/ps2.o
                0x0000000008002284                buf_has_data
 .text.HAL_MspInit
                0x00000000080022ac       0x64 Core/Src/stm32f1xx_hal_msp.o
                0x00000000080022ac                HAL_MspInit
 .text.NMI_Handler
                0x0000000008002310        0x6 Core/Src/stm32f1xx_it.o
                0x0000000008002310                NMI_Handler
 .text.HardFault_Handler
                0x0000000008002316        0x6 Core/Src/stm32f1xx_it.o
                0x0000000008002316                HardFault_Handler
 .text.MemManage_Handler
                0x000000000800231c        0x6 Core/Src/stm32f1xx_it.o
                0x000000000800231c                MemManage_Handler
 .text.BusFault_Handler
                0x0000000008002322        0x6 Core/Src/stm32f1xx_it.o
                0x0000000008002322                BusFault_Handler
 .text.UsageFault_Handler
                0x0000000008002328        0x6 Core/Src/stm32f1xx_it.o
                0x0000000008002328                UsageFault_Handler
 .text.SVC_Handler
                0x000000000800232e        0xc Core/Src/stm32f1xx_it.o
                0x000000000800232e                SVC_Handler
 .text.DebugMon_Handler
                0x000000000800233a        0xc Core/Src/stm32f1xx_it.o
                0x000000000800233a                DebugMon_Handler
 .text.PendSV_Handler
                0x0000000008002346        0xc Core/Src/stm32f1xx_it.o
                0x0000000008002346                PendSV_Handler
 .text.SysTick_Handler
                0x0000000008002352        0xc Core/Src/stm32f1xx_it.o
                0x0000000008002352                SysTick_Handler
 *fill*         0x000000000800235e        0x2 
 .text.USB_LP_CAN1_RX0_IRQHandler
                0x0000000008002360       0x14 Core/Src/stm32f1xx_it.o
                0x0000000008002360                USB_LP_CAN1_RX0_IRQHandler
 .text.EXTI9_5_IRQHandler
                0x0000000008002374       0x10 Core/Src/stm32f1xx_it.o
                0x0000000008002374                EXTI9_5_IRQHandler
 .text.SystemInit
                0x0000000008002384        0xc Core/Src/system_stm32f1xx.o
                0x0000000008002384                SystemInit
 .text._delay_ms
                0x0000000008002390       0x16 Core/Src/tim.o
                0x0000000008002390                _delay_ms
 .text._delay_us
                0x00000000080023a6       0x26 Core/Src/tim.o
                0x00000000080023a6                _delay_us
 .text.reset_us_counter
                0x00000000080023cc       0x18 Core/Src/tim.o
                0x00000000080023cc                reset_us_counter
 .text.check_us_counter
                0x00000000080023e4       0x2c Core/Src/tim.o
                0x00000000080023e4                check_us_counter
 .text.MX_TIM1_Init
                0x0000000008002410       0xa0 Core/Src/tim.o
                0x0000000008002410                MX_TIM1_Init
 .text.HAL_TIM_Base_MspInit
                0x00000000080024b0       0x3c Core/Src/tim.o
                0x00000000080024b0                HAL_TIM_Base_MspInit
 .text.Reset_Handler
                0x00000000080024ec       0x48 Core/Startup/startup_stm32f103c8tx.o
                0x00000000080024ec                Reset_Handler
 .text.Default_Handler
                0x0000000008002534        0x2 Core/Startup/startup_stm32f103c8tx.o
                0x0000000008002534                RTC_Alarm_IRQHandler
                0x0000000008002534                EXTI2_IRQHandler
                0x0000000008002534                TIM1_CC_IRQHandler
                0x0000000008002534                PVD_IRQHandler
                0x0000000008002534                EXTI3_IRQHandler
                0x0000000008002534                EXTI0_IRQHandler
                0x0000000008002534                I2C2_EV_IRQHandler
                0x0000000008002534                ADC1_2_IRQHandler
                0x0000000008002534                SPI1_IRQHandler
                0x0000000008002534                TAMPER_IRQHandler
                0x0000000008002534                DMA1_Channel4_IRQHandler
                0x0000000008002534                USART3_IRQHandler
                0x0000000008002534                RTC_IRQHandler
                0x0000000008002534                DMA1_Channel7_IRQHandler
                0x0000000008002534                CAN1_RX1_IRQHandler
                0x0000000008002534                TIM4_IRQHandler
                0x0000000008002534                I2C1_EV_IRQHandler
                0x0000000008002534                DMA1_Channel6_IRQHandler
                0x0000000008002534                TIM3_IRQHandler
                0x0000000008002534                RCC_IRQHandler
                0x0000000008002534                TIM1_TRG_COM_IRQHandler
                0x0000000008002534                DMA1_Channel1_IRQHandler
                0x0000000008002534                Default_Handler
                0x0000000008002534                EXTI15_10_IRQHandler
                0x0000000008002534                SPI2_IRQHandler
                0x0000000008002534                DMA1_Channel5_IRQHandler
                0x0000000008002534                EXTI4_IRQHandler
                0x0000000008002534                USB_HP_CAN1_TX_IRQHandler
                0x0000000008002534                DMA1_Channel3_IRQHandler
                0x0000000008002534                TIM1_UP_IRQHandler
                0x0000000008002534                WWDG_IRQHandler
                0x0000000008002534                TIM2_IRQHandler
                0x0000000008002534                TIM1_BRK_IRQHandler
                0x0000000008002534                EXTI1_IRQHandler
                0x0000000008002534                USART2_IRQHandler
                0x0000000008002534                I2C2_ER_IRQHandler
                0x0000000008002534                DMA1_Channel2_IRQHandler
                0x0000000008002534                CAN1_SCE_IRQHandler
                0x0000000008002534                FLASH_IRQHandler
                0x0000000008002534                USART1_IRQHandler
                0x0000000008002534                I2C1_ER_IRQHandler
                0x0000000008002534                USBWakeUp_IRQHandler
 *fill*         0x0000000008002536        0x2 
 .text.HAL_Init
                0x0000000008002538       0x2c Drivers/STM32F1xx_HAL_Driver/Src/stm32f1xx_hal.o
                0x0000000008002538                HAL_Init
 .text.HAL_InitTick
                0x0000000008002564       0x60 Drivers/STM32F1xx_HAL_Driver/Src/stm32f1xx_hal.o
                0x0000000008002564                HAL_InitTick
 .text.HAL_IncTick
                0x00000000080025c4       0x24 Drivers/STM32F1xx_HAL_Driver/Src/stm32f1xx_hal.o
                0x00000000080025c4                HAL_IncTick
 .text.HAL_GetTick
                0x00000000080025e8       0x14 Drivers/STM32F1xx_HAL_Driver/Src/stm32f1xx_hal.o
                0x00000000080025e8                HAL_GetTick
 .text.HAL_Delay
                0x00000000080025fc       0x44 Drivers/STM32F1xx_HAL_Driver/Src/stm32f1xx_hal.o
                0x00000000080025fc                HAL_Delay
 .text.__NVIC_SetPriorityGrouping
                0x0000000008002640       0x48 Drivers/STM32F1xx_HAL_Driver/Src/stm32f1xx_hal_cortex.o
 .text.__NVIC_GetPriorityGrouping
                0x0000000008002688       0x1c Drivers/STM32F1xx_HAL_Driver/Src/stm32f1xx_hal_cortex.o
 .text.__NVIC_EnableIRQ
                0x00000000080026a4       0x38 Drivers/STM32F1xx_HAL_Driver/Src/stm32f1xx_hal_cortex.o
 .text.__NVIC_SetPriority
                0x00000000080026dc       0x54 Drivers/STM32F1xx_HAL_Driver/Src/stm32f1xx_hal_cortex.o
 .text.NVIC_EncodePriority
                0x0000000008002730       0x64 Drivers/STM32F1xx_HAL_Driver/Src/stm32f1xx_hal_cortex.o
 .text.SysTick_Config
                0x0000000008002794       0x44 Drivers/STM32F1xx_HAL_Driver/Src/stm32f1xx_hal_cortex.o
 .text.HAL_NVIC_SetPriorityGrouping
                0x00000000080027d8       0x16 Drivers/STM32F1xx_HAL_Driver/Src/stm32f1xx_hal_cortex.o
                0x00000000080027d8                HAL_NVIC_SetPriorityGrouping
 .text.HAL_NVIC_SetPriority
                0x00000000080027ee       0x38 Drivers/STM32F1xx_HAL_Driver/Src/stm32f1xx_hal_cortex.o
                0x00000000080027ee                HAL_NVIC_SetPriority
 .text.HAL_NVIC_EnableIRQ
                0x0000000008002826       0x1c Drivers/STM32F1xx_HAL_Driver/Src/stm32f1xx_hal_cortex.o
                0x0000000008002826                HAL_NVIC_EnableIRQ
 .text.HAL_SYSTICK_Config
                0x0000000008002842       0x18 Drivers/STM32F1xx_HAL_Driver/Src/stm32f1xx_hal_cortex.o
                0x0000000008002842                HAL_SYSTICK_Config
 *fill*         0x000000000800285a        0x2 
 .text.HAL_FLASH_Program
                0x000000000800285c       0xe0 Drivers/STM32F1xx_HAL_Driver/Src/stm32f1xx_hal_flash.o
                0x000000000800285c                HAL_FLASH_Program
 .text.HAL_FLASH_Unlock
                0x000000000800293c       0x4c Drivers/STM32F1xx_HAL_Driver/Src/stm32f1xx_hal_flash.o
                0x000000000800293c                HAL_FLASH_Unlock
 .text.HAL_FLASH_Lock
                0x0000000008002988       0x20 Drivers/STM32F1xx_HAL_Driver/Src/stm32f1xx_hal_flash.o
                0x0000000008002988                HAL_FLASH_Lock
 .text.FLASH_Program_HalfWord
                0x00000000080029a8       0x38 Drivers/STM32F1xx_HAL_Driver/Src/stm32f1xx_hal_flash.o
 .text.FLASH_WaitForLastOperation
                0x00000000080029e0       0x8c Drivers/STM32F1xx_HAL_Driver/Src/stm32f1xx_hal_flash.o
                0x00000000080029e0                FLASH_WaitForLastOperation
 .text.FLASH_SetErrorCode
                0x0000000008002a6c       0xa0 Drivers/STM32F1xx_HAL_Driver/Src/stm32f1xx_hal_flash.o
 .text.HAL_FLASHEx_Erase
                0x0000000008002b0c       0xd8 Drivers/STM32F1xx_HAL_Driver/Src/stm32f1xx_hal_flash_ex.o
                0x0000000008002b0c                HAL_FLASHEx_Erase
 .text.FLASH_MassErase
                0x0000000008002be4       0x38 Drivers/STM32F1xx_HAL_Driver/Src/stm32f1xx_hal_flash_ex.o
 .text.FLASH_PageErase
                0x0000000008002c1c       0x40 Drivers/STM32F1xx_HAL_Driver/Src/stm32f1xx_hal_flash_ex.o
                0x0000000008002c1c                FLASH_PageErase
 .text.HAL_GPIO_Init
                0x0000000008002c5c      0x2b4 Drivers/STM32F1xx_HAL_Driver/Src/stm32f1xx_hal_gpio.o
                0x0000000008002c5c                HAL_GPIO_Init
 .text.HAL_GPIO_ReadPin
                0x0000000008002f10       0x2e Drivers/STM32F1xx_HAL_Driver/Src/stm32f1xx_hal_gpio.o
                0x0000000008002f10                HAL_GPIO_ReadPin
 .text.HAL_GPIO_WritePin
                0x0000000008002f3e       0x30 Drivers/STM32F1xx_HAL_Driver/Src/stm32f1xx_hal_gpio.o
                0x0000000008002f3e                HAL_GPIO_WritePin
 *fill*         0x0000000008002f6e        0x2 
 .text.HAL_GPIO_EXTI_IRQHandler
                0x0000000008002f70       0x30 Drivers/STM32F1xx_HAL_Driver/Src/stm32f1xx_hal_gpio.o
                0x0000000008002f70                HAL_GPIO_EXTI_IRQHandler
 .text.HAL_PCD_Init
                0x0000000008002fa0      0x216 Drivers/STM32F1xx_HAL_Driver/Src/stm32f1xx_hal_pcd.o
                0x0000000008002fa0                HAL_PCD_Init
 .text.HAL_PCD_Start
                0x00000000080031b6       0x4c Drivers/STM32F1xx_HAL_Driver/Src/stm32f1xx_hal_pcd.o
                0x00000000080031b6                HAL_PCD_Start
 .text.HAL_PCD_IRQHandler
                0x0000000008003202      0x2aa Drivers/STM32F1xx_HAL_Driver/Src/stm32f1xx_hal_pcd.o
                0x0000000008003202                HAL_PCD_IRQHandler
 .text.HAL_PCD_SetAddress
                0x00000000080034ac       0x4a Drivers/STM32F1xx_HAL_Driver/Src/stm32f1xx_hal_pcd.o
                0x00000000080034ac                HAL_PCD_SetAddress
 .text.HAL_PCD_EP_Open
                0x00000000080034f6       0xcc Drivers/STM32F1xx_HAL_Driver/Src/stm32f1xx_hal_pcd.o
                0x00000000080034f6                HAL_PCD_EP_Open
 .text.HAL_PCD_EP_Close
                0x00000000080035c2       0x90 Drivers/STM32F1xx_HAL_Driver/Src/stm32f1xx_hal_pcd.o
                0x00000000080035c2                HAL_PCD_EP_Close
 .text.HAL_PCD_EP_Receive
                0x0000000008003652       0x7a Drivers/STM32F1xx_HAL_Driver/Src/stm32f1xx_hal_pcd.o
                0x0000000008003652                HAL_PCD_EP_Receive
 .text.HAL_PCD_EP_Transmit
                0x00000000080036cc       0x86 Drivers/STM32F1xx_HAL_Driver/Src/stm32f1xx_hal_pcd.o
                0x00000000080036cc                HAL_PCD_EP_Transmit
 .text.HAL_PCD_EP_SetStall
                0x0000000008003752       0xc0 Drivers/STM32F1xx_HAL_Driver/Src/stm32f1xx_hal_pcd.o
                0x0000000008003752                HAL_PCD_EP_SetStall
 .text.HAL_PCD_EP_ClrStall
                0x0000000008003812       0xa8 Drivers/STM32F1xx_HAL_Driver/Src/stm32f1xx_hal_pcd.o
                0x0000000008003812                HAL_PCD_EP_ClrStall
 .text.PCD_EP_ISR_Handler
                0x00000000080038ba      0x5e6 Drivers/STM32F1xx_HAL_Driver/Src/stm32f1xx_hal_pcd.o
 .text.HAL_PCD_EP_DB_Receive
                0x0000000008003ea0      0x21a Drivers/STM32F1xx_HAL_Driver/Src/stm32f1xx_hal_pcd.o
 .text.HAL_PCD_EP_DB_Transmit
                0x00000000080040ba      0x53a Drivers/STM32F1xx_HAL_Driver/Src/stm32f1xx_hal_pcd.o
 .text.HAL_PCDEx_PMAConfig
                0x00000000080045f4       0x84 Drivers/STM32F1xx_HAL_Driver/Src/stm32f1xx_hal_pcd_ex.o
                0x00000000080045f4                HAL_PCDEx_PMAConfig
 .text.HAL_RCC_OscConfig
                0x0000000008004678      0x500 Drivers/STM32F1xx_HAL_Driver/Src/stm32f1xx_hal_rcc.o
                0x0000000008004678                HAL_RCC_OscConfig
 .text.HAL_RCC_ClockConfig
                0x0000000008004b78      0x1d4 Drivers/STM32F1xx_HAL_Driver/Src/stm32f1xx_hal_rcc.o
                0x0000000008004b78                HAL_RCC_ClockConfig
 .text.HAL_RCC_GetSysClockFreq
                0x0000000008004d4c       0xc4 Drivers/STM32F1xx_HAL_Driver/Src/stm32f1xx_hal_rcc.o
                0x0000000008004d4c                HAL_RCC_GetSysClockFreq
 .text.RCC_Delay
                0x0000000008004e10       0x3c Drivers/STM32F1xx_HAL_Driver/Src/stm32f1xx_hal_rcc.o
 .text.HAL_RCCEx_PeriphCLKConfig
                0x0000000008004e4c      0x16c Drivers/STM32F1xx_HAL_Driver/Src/stm32f1xx_hal_rcc_ex.o
                0x0000000008004e4c                HAL_RCCEx_PeriphCLKConfig
 .text.HAL_TIM_Base_Init
                0x0000000008004fb8       0x9e Drivers/STM32F1xx_HAL_Driver/Src/stm32f1xx_hal_tim.o
                0x0000000008004fb8                HAL_TIM_Base_Init
 *fill*         0x0000000008005056        0x2 
 .text.HAL_TIM_Base_Start
                0x0000000008005058       0x94 Drivers/STM32F1xx_HAL_Driver/Src/stm32f1xx_hal_tim.o
                0x0000000008005058                HAL_TIM_Base_Start
 .text.HAL_TIM_ConfigClockSource
                0x00000000080050ec      0x16e Drivers/STM32F1xx_HAL_Driver/Src/stm32f1xx_hal_tim.o
                0x00000000080050ec                HAL_TIM_ConfigClockSource
 *fill*         0x000000000800525a        0x2 
 .text.TIM_Base_SetConfig
                0x000000000800525c       0xc4 Drivers/STM32F1xx_HAL_Driver/Src/stm32f1xx_hal_tim.o
                0x000000000800525c                TIM_Base_SetConfig
 .text.TIM_TI1_ConfigInputStage
                0x0000000008005320       0x5c Drivers/STM32F1xx_HAL_Driver/Src/stm32f1xx_hal_tim.o
 .text.TIM_TI2_ConfigInputStage
                0x000000000800537c       0x5e Drivers/STM32F1xx_HAL_Driver/Src/stm32f1xx_hal_tim.o
 .text.TIM_ITRx_SetConfig
                0x00000000080053da       0x34 Drivers/STM32F1xx_HAL_Driver/Src/stm32f1xx_hal_tim.o
 .text.TIM_ETR_SetConfig
                0x000000000800540e       0x3e Drivers/STM32F1xx_HAL_Driver/Src/stm32f1xx_hal_tim.o
                0x000000000800540e                TIM_ETR_SetConfig
 .text.HAL_TIMEx_MasterConfigSynchronization
                0x000000000800544c       0xbc Drivers/STM32F1xx_HAL_Driver/Src/stm32f1xx_hal_tim_ex.o
                0x000000000800544c                HAL_TIMEx_MasterConfigSynchronization
 .text.USB_CoreInit
                0x0000000008005508       0x20 Drivers/STM32F1xx_HAL_Driver/Src/stm32f1xx_ll_usb.o
                0x0000000008005508                USB_CoreInit
 .text.USB_EnableGlobalInt
                0x0000000008005528       0x2c Drivers/STM32F1xx_HAL_Driver/Src/stm32f1xx_ll_usb.o
                0x0000000008005528                USB_EnableGlobalInt
 .text.USB_DisableGlobalInt
                0x0000000008005554       0x34 Drivers/STM32F1xx_HAL_Driver/Src/stm32f1xx_ll_usb.o
                0x0000000008005554                USB_DisableGlobalInt
 .text.USB_SetCurrentMode
                0x0000000008005588       0x18 Drivers/STM32F1xx_HAL_Driver/Src/stm32f1xx_ll_usb.o
                0x0000000008005588                USB_SetCurrentMode
 .text.USB_DevInit
                0x00000000080055a0       0x40 Drivers/STM32F1xx_HAL_Driver/Src/stm32f1xx_ll_usb.o
                0x00000000080055a0                USB_DevInit
 .text.USB_ActivateEndpoint
                0x00000000080055e0      0x6d4 Drivers/STM32F1xx_HAL_Driver/Src/stm32f1xx_ll_usb.o
                0x00000000080055e0                USB_ActivateEndpoint
 .text.USB_DeactivateEndpoint
                0x0000000008005cb4      0x3d8 Drivers/STM32F1xx_HAL_Driver/Src/stm32f1xx_ll_usb.o
                0x0000000008005cb4                USB_DeactivateEndpoint
 .text.USB_EPStartXfer
                0x000000000800608c     0x1240 Drivers/STM32F1xx_HAL_Driver/Src/stm32f1xx_ll_usb.o
                0x000000000800608c                USB_EPStartXfer
 .text.USB_EPSetStall
                0x00000000080072cc       0xa0 Drivers/STM32F1xx_HAL_Driver/Src/stm32f1xx_ll_usb.o
                0x00000000080072cc                USB_EPSetStall
 .text.USB_EPClearStall
                0x000000000800736c      0x15a Drivers/STM32F1xx_HAL_Driver/Src/stm32f1xx_ll_usb.o
                0x000000000800736c                USB_EPClearStall
 .text.USB_SetDevAddress
                0x00000000080074c6       0x26 Drivers/STM32F1xx_HAL_Driver/Src/stm32f1xx_ll_usb.o
                0x00000000080074c6                USB_SetDevAddress
 .text.USB_DevConnect
                0x00000000080074ec       0x14 Drivers/STM32F1xx_HAL_Driver/Src/stm32f1xx_ll_usb.o
                0x00000000080074ec                USB_DevConnect
 .text.USB_DevDisconnect
                0x0000000008007500       0x14 Drivers/STM32F1xx_HAL_Driver/Src/stm32f1xx_ll_usb.o
                0x0000000008007500                USB_DevDisconnect
 .text.USB_ReadInterrupts
                0x0000000008007514       0x1e Drivers/STM32F1xx_HAL_Driver/Src/stm32f1xx_ll_usb.o
                0x0000000008007514                USB_ReadInterrupts
 .text.USB_EP0_OutStart
                0x0000000008007532       0x16 Drivers/STM32F1xx_HAL_Driver/Src/stm32f1xx_ll_usb.o
                0x0000000008007532                USB_EP0_OutStart
 .text.USB_WritePMA
                0x0000000008007548       0x88 Drivers/STM32F1xx_HAL_Driver/Src/stm32f1xx_ll_usb.o
                0x0000000008007548                USB_WritePMA
 .text.USB_ReadPMA
                0x00000000080075d0       0x9e Drivers/STM32F1xx_HAL_Driver/Src/stm32f1xx_ll_usb.o
                0x00000000080075d0                USB_ReadPMA
 *fill*         0x000000000800766e        0x2 
 .text.USBD_HID_Init
                0x0000000008007670       0x6c Middlewares/ST/STM32_USB_Device_Library/Class/HID/Src/usbd_hid.o
 .text.USBD_HID_DataOut
                0x00000000080076dc       0x34 Middlewares/ST/STM32_USB_Device_Library/Class/HID/Src/usbd_hid.o
 .text.USBD_HID_DeInit
                0x0000000008007710       0x42 Middlewares/ST/STM32_USB_Device_Library/Class/HID/Src/usbd_hid.o
 *fill*         0x0000000008007752        0x2 
 .text.USBD_HID_Setup
                0x0000000008007754      0x1fc Middlewares/ST/STM32_USB_Device_Library/Class/HID/Src/usbd_hid.o
 .text.USBD_HID_SendReport
                0x0000000008007950       0x44 Middlewares/ST/STM32_USB_Device_Library/Class/HID/Src/usbd_hid.o
                0x0000000008007950                USBD_HID_SendReport
 .text.USBD_HID_GetFSCfgDesc
                0x0000000008007994       0x20 Middlewares/ST/STM32_USB_Device_Library/Class/HID/Src/usbd_hid.o
 .text.USBD_HID_GetHSCfgDesc
                0x00000000080079b4       0x20 Middlewares/ST/STM32_USB_Device_Library/Class/HID/Src/usbd_hid.o
 .text.USBD_HID_GetOtherSpeedCfgDesc
                0x00000000080079d4       0x20 Middlewares/ST/STM32_USB_Device_Library/Class/HID/Src/usbd_hid.o
 .text.USBD_HID_DataIn
                0x00000000080079f4       0x24 Middlewares/ST/STM32_USB_Device_Library/Class/HID/Src/usbd_hid.o
 .text.USBD_HID_GetDeviceQualifierDesc
                0x0000000008007a18       0x20 Middlewares/ST/STM32_USB_Device_Library/Class/HID/Src/usbd_hid.o
 .text.USBD_Init
                0x0000000008007a38       0x56 Middlewares/ST/STM32_USB_Device_Library/Core/Src/usbd_core.o
                0x0000000008007a38                USBD_Init
 .text.USBD_RegisterClass
                0x0000000008007a8e       0x32 Middlewares/ST/STM32_USB_Device_Library/Core/Src/usbd_core.o
                0x0000000008007a8e                USBD_RegisterClass
 .text.USBD_Start
                0x0000000008007ac0       0x18 Middlewares/ST/STM32_USB_Device_Library/Core/Src/usbd_core.o
                0x0000000008007ac0                USBD_Start
 .text.USBD_RunTestMode
                0x0000000008007ad8       0x14 Middlewares/ST/STM32_USB_Device_Library/Core/Src/usbd_core.o
                0x0000000008007ad8                USBD_RunTestMode
 .text.USBD_SetClassConfig
                0x0000000008007aec       0x3e Middlewares/ST/STM32_USB_Device_Library/Core/Src/usbd_core.o
                0x0000000008007aec                USBD_SetClassConfig
 .text.USBD_ClrClassConfig
                0x0000000008007b2a       0x26 Middlewares/ST/STM32_USB_Device_Library/Core/Src/usbd_core.o
                0x0000000008007b2a                USBD_ClrClassConfig
 .text.USBD_LL_SetupStage
                0x0000000008007b50       0x96 Middlewares/ST/STM32_USB_Device_Library/Core/Src/usbd_core.o
                0x0000000008007b50                USBD_LL_SetupStage
 .text.USBD_LL_DataOutStage
                0x0000000008007be6       0xe2 Middlewares/ST/STM32_USB_Device_Library/Core/Src/usbd_core.o
                0x0000000008007be6                USBD_LL_DataOutStage
 .text.USBD_LL_DataInStage
                0x0000000008007cc8      0x14a Middlewares/ST/STM32_USB_Device_Library/Core/Src/usbd_core.o
                0x0000000008007cc8                USBD_LL_DataInStage
 .text.USBD_LL_Reset
                0x0000000008007e12       0x82 Middlewares/ST/STM32_USB_Device_Library/Core/Src/usbd_core.o
                0x0000000008007e12                USBD_LL_Reset
 .text.USBD_LL_SetSpeed
                0x0000000008007e94       0x1e Middlewares/ST/STM32_USB_Device_Library/Core/Src/usbd_core.o
                0x0000000008007e94                USBD_LL_SetSpeed
 .text.USBD_LL_Suspend
                0x0000000008007eb2       0x28 Middlewares/ST/STM32_USB_Device_Library/Core/Src/usbd_core.o
                0x0000000008007eb2                USBD_LL_Suspend
 .text.USBD_LL_Resume
                0x0000000008007eda       0x2a Middlewares/ST/STM32_USB_Device_Library/Core/Src/usbd_core.o
                0x0000000008007eda                USBD_LL_Resume
 .text.USBD_LL_SOF
                0x0000000008007f04       0x34 Middlewares/ST/STM32_USB_Device_Library/Core/Src/usbd_core.o
                0x0000000008007f04                USBD_LL_SOF
 .text.USBD_StdDevReq
                0x0000000008007f38       0xd4 Middlewares/ST/STM32_USB_Device_Library/Core/Src/usbd_ctlreq.o
                0x0000000008007f38                USBD_StdDevReq
 .text.USBD_StdItfReq
                0x000000000800800c       0x8c Middlewares/ST/STM32_USB_Device_Library/Core/Src/usbd_ctlreq.o
                0x000000000800800c                USBD_StdItfReq
 .text.USBD_StdEPReq
                0x0000000008008098      0x2ba Middlewares/ST/STM32_USB_Device_Library/Core/Src/usbd_ctlreq.o
                0x0000000008008098                USBD_StdEPReq
 *fill*         0x0000000008008352        0x2 
 .text.USBD_GetDescriptor
                0x0000000008008354      0x2d0 Middlewares/ST/STM32_USB_Device_Library/Core/Src/usbd_ctlreq.o
 .text.USBD_SetAddress
                0x0000000008008624       0x84 Middlewares/ST/STM32_USB_Device_Library/Core/Src/usbd_ctlreq.o
 .text.USBD_SetConfig
                0x00000000080086a8      0x11c Middlewares/ST/STM32_USB_Device_Library/Core/Src/usbd_ctlreq.o
 .text.USBD_GetConfig
                0x00000000080087c4       0x68 Middlewares/ST/STM32_USB_Device_Library/Core/Src/usbd_ctlreq.o
 .text.USBD_GetStatus
                0x000000000800882c       0x66 Middlewares/ST/STM32_USB_Device_Library/Core/Src/usbd_ctlreq.o
 .text.USBD_SetFeature
                0x0000000008008892       0x28 Middlewares/ST/STM32_USB_Device_Library/Core/Src/usbd_ctlreq.o
 .text.USBD_ClrFeature
                0x00000000080088ba       0x42 Middlewares/ST/STM32_USB_Device_Library/Core/Src/usbd_ctlreq.o
 .text.USBD_ParseSetupRequest
                0x00000000080088fc       0x78 Middlewares/ST/STM32_USB_Device_Library/Core/Src/usbd_ctlreq.o
                0x00000000080088fc                USBD_ParseSetupRequest
 .text.USBD_CtlError
                0x0000000008008974       0x22 Middlewares/ST/STM32_USB_Device_Library/Core/Src/usbd_ctlreq.o
                0x0000000008008974                USBD_CtlError
 .text.USBD_GetString
                0x0000000008008996       0x84 Middlewares/ST/STM32_USB_Device_Library/Core/Src/usbd_ctlreq.o
                0x0000000008008996                USBD_GetString
 .text.USBD_GetLen
                0x0000000008008a1a       0x2e Middlewares/ST/STM32_USB_Device_Library/Core/Src/usbd_ctlreq.o
 .text.USBD_CtlSendData
                0x0000000008008a48       0x38 Middlewares/ST/STM32_USB_Device_Library/Core/Src/usbd_ioreq.o
                0x0000000008008a48                USBD_CtlSendData
 .text.USBD_CtlContinueSendData
                0x0000000008008a80       0x24 Middlewares/ST/STM32_USB_Device_Library/Core/Src/usbd_ioreq.o
                0x0000000008008a80                USBD_CtlContinueSendData
 .text.USBD_CtlContinueRx
                0x0000000008008aa4       0x24 Middlewares/ST/STM32_USB_Device_Library/Core/Src/usbd_ioreq.o
                0x0000000008008aa4                USBD_CtlContinueRx
 .text.USBD_CtlSendStatus
                0x0000000008008ac8       0x26 Middlewares/ST/STM32_USB_Device_Library/Core/Src/usbd_ioreq.o
                0x0000000008008ac8                USBD_CtlSendStatus
 .text.USBD_CtlReceiveStatus
                0x0000000008008aee       0x26 Middlewares/ST/STM32_USB_Device_Library/Core/Src/usbd_ioreq.o
                0x0000000008008aee                USBD_CtlReceiveStatus
 .text.MX_USB_DEVICE_Init
                0x0000000008008b14       0x4c USB_DEVICE/App/usb_device.o
                0x0000000008008b14                MX_USB_DEVICE_Init
 .text.USBD_FS_DeviceDescriptor
                0x0000000008008b60       0x24 USB_DEVICE/App/usbd_desc.o
                0x0000000008008b60                USBD_FS_DeviceDescriptor
 .text.USBD_FS_LangIDStrDescriptor
                0x0000000008008b84       0x24 USB_DEVICE/App/usbd_desc.o
                0x0000000008008b84                USBD_FS_LangIDStrDescriptor
 .text.USBD_FS_ProductStrDescriptor
                0x0000000008008ba8       0x3c USB_DEVICE/App/usbd_desc.o
                0x0000000008008ba8                USBD_FS_ProductStrDescriptor
 .text.USBD_FS_ManufacturerStrDescriptor
                0x0000000008008be4       0x28 USB_DEVICE/App/usbd_desc.o
                0x0000000008008be4                USBD_FS_ManufacturerStrDescriptor
 .text.USBD_FS_SerialStrDescriptor
                0x0000000008008c0c       0x24 USB_DEVICE/App/usbd_desc.o
                0x0000000008008c0c                USBD_FS_SerialStrDescriptor
 .text.USBD_FS_ConfigStrDescriptor
                0x0000000008008c30       0x3c USB_DEVICE/App/usbd_desc.o
                0x0000000008008c30                USBD_FS_ConfigStrDescriptor
 .text.USBD_FS_InterfaceStrDescriptor
                0x0000000008008c6c       0x3c USB_DEVICE/App/usbd_desc.o
                0x0000000008008c6c                USBD_FS_InterfaceStrDescriptor
 .text.Get_SerialNum
                0x0000000008008ca8       0x58 USB_DEVICE/App/usbd_desc.o
 .text.IntToUnicode
                0x0000000008008d00       0x7a USB_DEVICE/App/usbd_desc.o
 *fill*         0x0000000008008d7a        0x2 
 .text.HAL_PCD_MspInit
                0x0000000008008d7c       0x4c USB_DEVICE/Target/usbd_conf.o
                0x0000000008008d7c                HAL_PCD_MspInit
 .text.HAL_PCD_SetupStageCallback
                0x0000000008008dc8       0x24 USB_DEVICE/Target/usbd_conf.o
                0x0000000008008dc8                HAL_PCD_SetupStageCallback
 .text.HAL_PCD_DataOutStageCallback
                0x0000000008008dec       0x36 USB_DEVICE/Target/usbd_conf.o
                0x0000000008008dec                HAL_PCD_DataOutStageCallback
 .text.HAL_PCD_DataInStageCallback
                0x0000000008008e22       0x34 USB_DEVICE/Target/usbd_conf.o
                0x0000000008008e22                HAL_PCD_DataInStageCallback
 .text.HAL_PCD_SOFCallback
                0x0000000008008e56       0x1c USB_DEVICE/Target/usbd_conf.o
                0x0000000008008e56                HAL_PCD_SOFCallback
 .text.HAL_PCD_ResetCallback
                0x0000000008008e72       0x3c USB_DEVICE/Target/usbd_conf.o
                0x0000000008008e72                HAL_PCD_ResetCallback
 .text.HAL_PCD_SuspendCallback
                0x0000000008008eae       0x22 USB_DEVICE/Target/usbd_conf.o
                0x0000000008008eae                HAL_PCD_SuspendCallback
 .text.HAL_PCD_ResumeCallback
                0x0000000008008ed0       0x22 USB_DEVICE/Target/usbd_conf.o
                0x0000000008008ed0                HAL_PCD_ResumeCallback
 *fill*         0x0000000008008ef2        0x2 
 .text.USBD_LL_Init
                0x0000000008008ef4       0x90 USB_DEVICE/Target/usbd_conf.o
                0x0000000008008ef4                USBD_LL_Init
 .text.USBD_LL_Start
                0x0000000008008f84       0x36 USB_DEVICE/Target/usbd_conf.o
                0x0000000008008f84                USBD_LL_Start
 .text.USBD_LL_OpenEP
                0x0000000008008fba       0x4c USB_DEVICE/Target/usbd_conf.o
                0x0000000008008fba                USBD_LL_OpenEP
 .text.USBD_LL_CloseEP
                0x0000000008009006       0x3e USB_DEVICE/Target/usbd_conf.o
                0x0000000008009006                USBD_LL_CloseEP
 .text.USBD_LL_StallEP
                0x0000000008009044       0x3e USB_DEVICE/Target/usbd_conf.o
                0x0000000008009044                USBD_LL_StallEP
 .text.USBD_LL_ClearStallEP
                0x0000000008009082       0x3e USB_DEVICE/Target/usbd_conf.o
                0x0000000008009082                USBD_LL_ClearStallEP
 .text.USBD_LL_IsStallEP
                0x00000000080090c0       0x58 USB_DEVICE/Target/usbd_conf.o
                0x00000000080090c0                USBD_LL_IsStallEP
 .text.USBD_LL_SetUSBAddress
                0x0000000008009118       0x3e USB_DEVICE/Target/usbd_conf.o
                0x0000000008009118                USBD_LL_SetUSBAddress
 .text.USBD_LL_Transmit
                0x0000000008009156       0x46 USB_DEVICE/Target/usbd_conf.o
                0x0000000008009156                USBD_LL_Transmit
 .text.USBD_LL_PrepareReceive
                0x000000000800919c       0x46 USB_DEVICE/Target/usbd_conf.o
                0x000000000800919c                USBD_LL_PrepareReceive
 *fill*         0x00000000080091e2        0x2 
 .text.USBD_static_malloc
                0x00000000080091e4       0x18 USB_DEVICE/Target/usbd_conf.o
                0x00000000080091e4                USBD_static_malloc
 .text.USBD_static_free
                0x00000000080091fc       0x12 USB_DEVICE/Target/usbd_conf.o
                0x00000000080091fc                USBD_static_free
 .text.HAL_PCDEx_SetConnectionState
                0x000000000800920e       0x16 USB_DEVICE/Target/usbd_conf.o
                0x000000000800920e                HAL_PCDEx_SetConnectionState
 .text.USBD_Get_USB_Status
                0x0000000008009224       0x58 USB_DEVICE/Target/usbd_conf.o
 .text.__libc_init_array
                0x000000000800927c       0x48 c:/st/stm32cubeide_1.5.1/stm32cubeide/plugins/com.st.stm32cube.ide.mcu.externaltools.gnu-tools-for-stm32.7-2018-q2-update.win32_1.5.0.202011040924/tools/bin/../lib/gcc/arm-none-eabi/7.3.1/../../../../arm-none-eabi/lib/thumb/v7-m\libc_nano.a(lib_a-init.o)
                0x000000000800927c                __libc_init_array
 .text.memcpy   0x00000000080092c4       0x16 c:/st/stm32cubeide_1.5.1/stm32cubeide/plugins/com.st.stm32cube.ide.mcu.externaltools.gnu-tools-for-stm32.7-2018-q2-update.win32_1.5.0.202011040924/tools/bin/../lib/gcc/arm-none-eabi/7.3.1/../../../../arm-none-eabi/lib/thumb/v7-m\libc_nano.a(lib_a-memcpy-stub.o)
                0x00000000080092c4                memcpy
 .text.memset   0x00000000080092da       0x10 c:/st/stm32cubeide_1.5.1/stm32cubeide/plugins/com.st.stm32cube.ide.mcu.externaltools.gnu-tools-for-stm32.7-2018-q2-update.win32_1.5.0.202011040924/tools/bin/../lib/gcc/arm-none-eabi/7.3.1/../../../../arm-none-eabi/lib/thumb/v7-m\libc_nano.a(lib_a-memset.o)
                0x00000000080092da                memset
 *(.glue_7)
 .glue_7        0x00000000080092ea        0x0 linker stubs
 *(.glue_7t)
 .glue_7t       0x00000000080092ea        0x0 linker stubs
 *(.eh_frame)
 *fill*         0x00000000080092ea        0x2 
 .eh_frame      0x00000000080092ec        0x0 c:/st/stm32cubeide_1.5.1/stm32cubeide/plugins/com.st.stm32cube.ide.mcu.externaltools.gnu-tools-for-stm32.7-2018-q2-update.win32_1.5.0.202011040924/tools/bin/../lib/gcc/arm-none-eabi/7.3.1/thumb/v7-m/crtbegin.o
 *(.init)
 .init          0x00000000080092ec        0x4 c:/st/stm32cubeide_1.5.1/stm32cubeide/plugins/com.st.stm32cube.ide.mcu.externaltools.gnu-tools-for-stm32.7-2018-q2-update.win32_1.5.0.202011040924/tools/bin/../lib/gcc/arm-none-eabi/7.3.1/thumb/v7-m/crti.o
                0x00000000080092ec                _init
 .init          0x00000000080092f0        0x8 c:/st/stm32cubeide_1.5.1/stm32cubeide/plugins/com.st.stm32cube.ide.mcu.externaltools.gnu-tools-for-stm32.7-2018-q2-update.win32_1.5.0.202011040924/tools/bin/../lib/gcc/arm-none-eabi/7.3.1/thumb/v7-m/crtn.o
 *(.fini)
 .fini          0x00000000080092f8        0x4 c:/st/stm32cubeide_1.5.1/stm32cubeide/plugins/com.st.stm32cube.ide.mcu.externaltools.gnu-tools-for-stm32.7-2018-q2-update.win32_1.5.0.202011040924/tools/bin/../lib/gcc/arm-none-eabi/7.3.1/thumb/v7-m/crti.o
                0x00000000080092f8                _fini
 .fini          0x00000000080092fc        0x8 c:/st/stm32cubeide_1.5.1/stm32cubeide/plugins/com.st.stm32cube.ide.mcu.externaltools.gnu-tools-for-stm32.7-2018-q2-update.win32_1.5.0.202011040924/tools/bin/../lib/gcc/arm-none-eabi/7.3.1/thumb/v7-m/crtn.o
                0x0000000008009304                . = ALIGN (0x4)
                0x0000000008009304                _etext = .

.vfp11_veneer   0x0000000008009304        0x0
 .vfp11_veneer  0x0000000008009304        0x0 linker stubs

.v4_bx          0x0000000008009304        0x0
 .v4_bx         0x0000000008009304        0x0 linker stubs

.iplt           0x0000000008009304        0x0
 .iplt          0x0000000008009304        0x0 c:/st/stm32cubeide_1.5.1/stm32cubeide/plugins/com.st.stm32cube.ide.mcu.externaltools.gnu-tools-for-stm32.7-2018-q2-update.win32_1.5.0.202011040924/tools/bin/../lib/gcc/arm-none-eabi/7.3.1/thumb/v7-m/crtbegin.o

.rodata         0x0000000008009304      0x198
                0x0000000008009304                . = ALIGN (0x4)
 *(.rodata)
 .rodata        0x0000000008009304       0x17 Core/Src/SEGGER_RTT.o
 *fill*         0x000000000800931b        0x1 
 .rodata        0x000000000800931c        0x5 Core/Src/kb_prog.o
 *fill*         0x0000000008009321        0x3 
 .rodata        0x0000000008009324       0x12 Drivers/STM32F1xx_HAL_Driver/Src/stm32f1xx_hal_rcc.o
 *fill*         0x0000000008009336        0x2 
 .rodata        0x0000000008009338       0x42 USB_DEVICE/App/usbd_desc.o
 *(.rodata*)
 *fill*         0x000000000800937a        0x2 
 .rodata._aV2C.4868
                0x000000000800937c       0x10 Core/Src/SEGGER_RTT_printf.o
 .rodata.keymaps
                0x000000000800938c      0x100 Core/Src/keyboard.o
                0x000000000800938c                keymaps
 .rodata.AHBPrescTable
                0x000000000800948c       0x10 Core/Src/system_stm32f1xx.o
                0x000000000800948c                AHBPrescTable
                0x000000000800949c                . = ALIGN (0x4)

.rel.dyn        0x000000000800949c        0x0
 .rel.iplt      0x000000000800949c        0x0 c:/st/stm32cubeide_1.5.1/stm32cubeide/plugins/com.st.stm32cube.ide.mcu.externaltools.gnu-tools-for-stm32.7-2018-q2-update.win32_1.5.0.202011040924/tools/bin/../lib/gcc/arm-none-eabi/7.3.1/thumb/v7-m/crtbegin.o

.ARM.extab      0x000000000800949c        0x0
                0x000000000800949c                . = ALIGN (0x4)
 *(.ARM.extab* .gnu.linkonce.armextab.*)
                0x000000000800949c                . = ALIGN (0x4)

.ARM            0x000000000800949c        0x0
                0x000000000800949c                . = ALIGN (0x4)
                0x000000000800949c                __exidx_start = .
 *(.ARM.exidx*)
                0x000000000800949c                __exidx_end = .
                0x000000000800949c                . = ALIGN (0x4)

.preinit_array  0x000000000800949c        0x0
                0x000000000800949c                . = ALIGN (0x4)
                0x000000000800949c                PROVIDE (__preinit_array_start = .)
 *(.preinit_array*)
                0x000000000800949c                PROVIDE (__preinit_array_end = .)
                0x000000000800949c                . = ALIGN (0x4)

.init_array     0x000000000800949c        0x4
                0x000000000800949c                . = ALIGN (0x4)
                0x000000000800949c                PROVIDE (__init_array_start = .)
 *(SORT_BY_NAME(.init_array.*))
 *(.init_array*)
 .init_array    0x000000000800949c        0x4 c:/st/stm32cubeide_1.5.1/stm32cubeide/plugins/com.st.stm32cube.ide.mcu.externaltools.gnu-tools-for-stm32.7-2018-q2-update.win32_1.5.0.202011040924/tools/bin/../lib/gcc/arm-none-eabi/7.3.1/thumb/v7-m/crtbegin.o
                0x00000000080094a0                PROVIDE (__init_array_end = .)
                0x00000000080094a0                . = ALIGN (0x4)

.fini_array     0x00000000080094a0        0x4
                0x00000000080094a0                . = ALIGN (0x4)
                [!provide]                        PROVIDE (__fini_array_start = .)
 *(SORT_BY_NAME(.fini_array.*))
 *(.fini_array*)
 .fini_array    0x00000000080094a0        0x4 c:/st/stm32cubeide_1.5.1/stm32cubeide/plugins/com.st.stm32cube.ide.mcu.externaltools.gnu-tools-for-stm32.7-2018-q2-update.win32_1.5.0.202011040924/tools/bin/../lib/gcc/arm-none-eabi/7.3.1/thumb/v7-m/crtbegin.o
                [!provide]                        PROVIDE (__fini_array_end = .)
                0x00000000080094a4                . = ALIGN (0x4)
                0x00000000080094a4                _sidata = LOADADDR (.data)

.data           0x0000000020000000      0x1a8 load address 0x00000000080094a4
                0x0000000020000000                . = ALIGN (0x4)
                0x0000000020000000                _sdata = .
 *(.data)
 *(.data*)
 .data.ready_to_send
                0x0000000020000000        0x1 Core/Src/keyboard.o
                0x0000000020000000                ready_to_send
 *fill*         0x0000000020000001        0x1 
 .data.cnt.8422
                0x0000000020000002        0x2 Core/Src/keyboard.o
 .data.SystemCoreClock
                0x0000000020000004        0x4 Core/Src/system_stm32f1xx.o
                0x0000000020000004                SystemCoreClock
 .data.uwTickPrio
                0x0000000020000008        0x4 Drivers/STM32F1xx_HAL_Driver/Src/stm32f1xx_hal.o
                0x0000000020000008                uwTickPrio
 .data.uwTickFreq
                0x000000002000000c        0x1 Drivers/STM32F1xx_HAL_Driver/Src/stm32f1xx_hal.o
                0x000000002000000c                uwTickFreq
 *fill*         0x000000002000000d        0x3 
 .data.USBD_HID
                0x0000000020000010       0x38 Middlewares/ST/STM32_USB_Device_Library/Class/HID/Src/usbd_hid.o
                0x0000000020000010                USBD_HID
 .data.USBD_HID_CfgFSDesc
                0x0000000020000048       0x29 Middlewares/ST/STM32_USB_Device_Library/Class/HID/Src/usbd_hid.o
 *fill*         0x0000000020000071        0x3 
 .data.USBD_HID_CfgHSDesc
                0x0000000020000074       0x29 Middlewares/ST/STM32_USB_Device_Library/Class/HID/Src/usbd_hid.o
 *fill*         0x000000002000009d        0x3 
 .data.USBD_HID_OtherSpeedCfgDesc
                0x00000000200000a0       0x29 Middlewares/ST/STM32_USB_Device_Library/Class/HID/Src/usbd_hid.o
 *fill*         0x00000000200000c9        0x3 
 .data.USBD_HID_Desc
                0x00000000200000cc        0x9 Middlewares/ST/STM32_USB_Device_Library/Class/HID/Src/usbd_hid.o
 *fill*         0x00000000200000d5        0x3 
 .data.USBD_HID_DeviceQualifierDesc
                0x00000000200000d8        0xa Middlewares/ST/STM32_USB_Device_Library/Class/HID/Src/usbd_hid.o
 *fill*         0x00000000200000e2        0x2 
 .data.HID_KBD_ReportDesc
                0x00000000200000e4       0x73 Middlewares/ST/STM32_USB_Device_Library/Class/HID/Src/usbd_hid.o
 *fill*         0x0000000020000157        0x1 
 .data.FS_Desc  0x0000000020000158       0x1c USB_DEVICE/App/usbd_desc.o
                0x0000000020000158                FS_Desc
 .data.USBD_FS_DeviceDesc
                0x0000000020000174       0x12 USB_DEVICE/App/usbd_desc.o
                0x0000000020000174                USBD_FS_DeviceDesc
 *fill*         0x0000000020000186        0x2 
 .data.USBD_LangIDDesc
                0x0000000020000188        0x4 USB_DEVICE/App/usbd_desc.o
                0x0000000020000188                USBD_LangIDDesc
 .data.USBD_StringSerial
                0x000000002000018c       0x1a USB_DEVICE/App/usbd_desc.o
                0x000000002000018c                USBD_StringSerial
 *(.RamFunc)
 *(.RamFunc*)
                0x00000000200001a8                . = ALIGN (0x4)
 *fill*         0x00000000200001a6        0x2 
                0x00000000200001a8                _edata = .

.igot.plt       0x00000000200001a8        0x0 load address 0x000000000800964c
 .igot.plt      0x00000000200001a8        0x0 c:/st/stm32cubeide_1.5.1/stm32cubeide/plugins/com.st.stm32cube.ide.mcu.externaltools.gnu-tools-for-stm32.7-2018-q2-update.win32_1.5.0.202011040924/tools/bin/../lib/gcc/arm-none-eabi/7.3.1/thumb/v7-m/crtbegin.o
                0x00000000200001a8                . = ALIGN (0x4)

.bss            0x00000000200001a8      0xe18 load address 0x000000000800964c
                0x00000000200001a8                _sbss = .
                0x00000000200001a8                __bss_start__ = _sbss
 *(.bss)
 .bss           0x00000000200001a8       0x1c c:/st/stm32cubeide_1.5.1/stm32cubeide/plugins/com.st.stm32cube.ide.mcu.externaltools.gnu-tools-for-stm32.7-2018-q2-update.win32_1.5.0.202011040924/tools/bin/../lib/gcc/arm-none-eabi/7.3.1/thumb/v7-m/crtbegin.o
 *(.bss*)
 .bss._acUpBuffer
                0x00000000200001c4      0x400 Core/Src/SEGGER_RTT.o
 .bss._acDownBuffer
                0x00000000200005c4       0x10 Core/Src/SEGGER_RTT.o
 .bss.EraseInitStruct.6192
                0x00000000200005d4       0x10 Core/Src/eee.o
 .bss.matrix    0x00000000200005e4       0x20 Core/Src/kb_matrix.o
 .bss.is_modified
                0x0000000020000604        0x1 Core/Src/kb_matrix.o
                0x0000000020000604                is_modified
 .bss.state.6497
                0x0000000020000605        0x1 Core/Src/kb_matrix.o
 .bss.programming_in_progress
                0x0000000020000606        0x1 Core/Src/kb_prog.o
 .bss.prog_is_running
                0x0000000020000607        0x1 Core/Src/kb_prog.o
 .bss.prog_error
                0x0000000020000608        0x1 Core/Src/kb_prog.o
 *fill*         0x0000000020000609        0x3 
 .bss.key_timer
                0x000000002000060c        0x4 Core/Src/kb_prog.o
 .bss.next_time
                0x0000000020000610        0x4 Core/Src/kb_prog.o
 .bss.current_code
                0x0000000020000614        0x1 Core/Src/kb_prog.o
 *fill*         0x0000000020000615        0x1 
 .bss.current_pos
                0x0000000020000616        0x2 Core/Src/kb_prog.o
 .bss.last_prog_time
                0x0000000020000618        0x4 Core/Src/kb_prog.o
 .bss.mods      0x000000002000061c        0x1 Core/Src/keyboard.o
                0x000000002000061c                mods
 .bss.kbuf_head
                0x000000002000061d        0x1 Core/Src/keyboard.o
                0x000000002000061d                kbuf_head
 .bss.kbuf_tail
                0x000000002000061e        0x1 Core/Src/keyboard.o
                0x000000002000061e                kbuf_tail
 *fill*         0x000000002000061f        0x1 
 .bss.last_data.8354
                0x0000000020000620        0x2 Core/Src/keyboard.o
 .bss.last_data.8362
                0x0000000020000622        0x2 Core/Src/keyboard.o
 .bss.blinking.8420
                0x0000000020000624        0x1 Core/Src/keyboard.o
 *fill*         0x0000000020000625        0x3 
 .bss.blink_time.8419
                0x0000000020000628        0x4 Core/Src/keyboard.o
 .bss.last_blink.8421
                0x000000002000062c        0x1 Core/Src/keyboard.o
 .bss.sendMode  0x000000002000062d        0x1 Core/Src/ps2.o
                0x000000002000062d                sendMode
 .bss.outputData
                0x000000002000062e        0x1 Core/Src/ps2.o
                0x000000002000062e                outputData
 .bss.bitNr     0x000000002000062f        0x1 Core/Src/ps2.o
                0x000000002000062f                bitNr
 .bss.sleep     0x0000000020000630        0x1 Core/Src/ps2.o
                0x0000000020000630                sleep
 .bss.pbuf_head
                0x0000000020000631        0x1 Core/Src/ps2.o
                0x0000000020000631                pbuf_head
 .bss.pbuf_tail
                0x0000000020000632        0x1 Core/Src/ps2.o
                0x0000000020000632                pbuf_tail
 .bss.parity.7884
                0x0000000020000633        0x1 Core/Src/ps2.o
 .bss.data.7885
                0x0000000020000634        0x1 Core/Src/ps2.o
 .bss.rx_buf    0x0000000020000635        0x1 Middlewares/ST/STM32_USB_Device_Library/Class/HID/Src/usbd_hid.o
 .bss.cfgidx.8159
                0x0000000020000636        0x1 Middlewares/ST/STM32_USB_Device_Library/Core/Src/usbd_ctlreq.o
 *fill*         0x0000000020000637        0x1 
 .bss.mem.8216  0x0000000020000638       0x14 USB_DEVICE/Target/usbd_conf.o
 *(COMMON)
 COMMON         0x000000002000064c       0x78 Core/Src/SEGGER_RTT.o
                0x000000002000064c                _SEGGER_RTT
 COMMON         0x00000000200006c4       0x9e Core/Src/keyboard.o
                0x00000000200006c4                keyboard_report
                0x00000000200006d0                kbuf
                0x0000000020000760                leds_data
                0x0000000020000761                leds_updated
 *fill*         0x0000000020000762        0x2 
 COMMON         0x0000000020000764       0x40 Core/Src/ps2.o
                0x0000000020000764                pbuf
 COMMON         0x00000000200007a4       0x48 Core/Src/tim.o
                0x00000000200007a4                htim1
 COMMON         0x00000000200007ec        0x4 Drivers/STM32F1xx_HAL_Driver/Src/stm32f1xx_hal.o
                0x00000000200007ec                uwTick
 COMMON         0x00000000200007f0       0x20 Drivers/STM32F1xx_HAL_Driver/Src/stm32f1xx_hal_flash.o
                0x00000000200007f0                pFlash
 COMMON         0x0000000020000810      0x2c4 USB_DEVICE/App/usb_device.o
                0x0000000020000810                hUsbDeviceFS
 COMMON         0x0000000020000ad4      0x200 USB_DEVICE/App/usbd_desc.o
                0x0000000020000ad4                USBD_StrDesc
 COMMON         0x0000000020000cd4      0x2ec USB_DEVICE/Target/usbd_conf.o
                0x0000000020000cd4                hpcd_USB_FS
                0x0000000020000fc0                . = ALIGN (0x4)
                0x0000000020000fc0                _ebss = .
                0x0000000020000fc0                __bss_end__ = _ebss

._user_heap_stack
                0x0000000020000fc0      0x600 load address 0x000000000800964c
                0x0000000020000fc0                . = ALIGN (0x8)
                [!provide]                        PROVIDE (end = .)
                0x0000000020000fc0                PROVIDE (_end = .)
                0x00000000200011c0                . = (. + _Min_Heap_Size)
 *fill*         0x0000000020000fc0      0x200 
                0x00000000200015c0                . = (. + _Min_Stack_Size)
 *fill*         0x00000000200011c0      0x400 
                0x00000000200015c0                . = ALIGN (0x8)

/DISCARD/
 libc.a(*)
 libm.a(*)
 libgcc.a(*)

.ARM.attributes
                0x0000000000000000       0x29
 *(.ARM.attributes)
 .ARM.attributes
                0x0000000000000000       0x1d c:/st/stm32cubeide_1.5.1/stm32cubeide/plugins/com.st.stm32cube.ide.mcu.externaltools.gnu-tools-for-stm32.7-2018-q2-update.win32_1.5.0.202011040924/tools/bin/../lib/gcc/arm-none-eabi/7.3.1/thumb/v7-m/crti.o
 .ARM.attributes
                0x000000000000001d       0x2d c:/st/stm32cubeide_1.5.1/stm32cubeide/plugins/com.st.stm32cube.ide.mcu.externaltools.gnu-tools-for-stm32.7-2018-q2-update.win32_1.5.0.202011040924/tools/bin/../lib/gcc/arm-none-eabi/7.3.1/thumb/v7-m/crtbegin.o
 .ARM.attributes
                0x000000000000004a       0x33 Core/Src/SEGGER_RTT.o
 .ARM.attributes
                0x000000000000007d       0x33 Core/Src/SEGGER_RTT_printf.o
 .ARM.attributes
                0x00000000000000b0       0x33 Core/Src/eee.o
 .ARM.attributes
                0x00000000000000e3       0x33 Core/Src/gpio.o
 .ARM.attributes
                0x0000000000000116       0x33 Core/Src/kb_matrix.o
 .ARM.attributes
                0x0000000000000149       0x33 Core/Src/kb_prog.o
 .ARM.attributes
                0x000000000000017c       0x33 Core/Src/keyboard.o
 .ARM.attributes
                0x00000000000001af       0x33 Core/Src/main.o
 .ARM.attributes
                0x00000000000001e2       0x33 Core/Src/ps2.o
 .ARM.attributes
                0x0000000000000215       0x33 Core/Src/stm32f1xx_hal_msp.o
 .ARM.attributes
                0x0000000000000248       0x33 Core/Src/stm32f1xx_it.o
 .ARM.attributes
                0x000000000000027b       0x33 Core/Src/system_stm32f1xx.o
 .ARM.attributes
                0x00000000000002ae       0x33 Core/Src/tim.o
 .ARM.attributes
                0x00000000000002e1       0x21 Core/Startup/startup_stm32f103c8tx.o
 .ARM.attributes
                0x0000000000000302       0x33 Drivers/STM32F1xx_HAL_Driver/Src/stm32f1xx_hal.o
 .ARM.attributes
                0x0000000000000335       0x33 Drivers/STM32F1xx_HAL_Driver/Src/stm32f1xx_hal_cortex.o
 .ARM.attributes
                0x0000000000000368       0x33 Drivers/STM32F1xx_HAL_Driver/Src/stm32f1xx_hal_flash.o
 .ARM.attributes
                0x000000000000039b       0x33 Drivers/STM32F1xx_HAL_Driver/Src/stm32f1xx_hal_flash_ex.o
 .ARM.attributes
                0x00000000000003ce       0x33 Drivers/STM32F1xx_HAL_Driver/Src/stm32f1xx_hal_gpio.o
 .ARM.attributes
                0x0000000000000401       0x33 Drivers/STM32F1xx_HAL_Driver/Src/stm32f1xx_hal_pcd.o
 .ARM.attributes
                0x0000000000000434       0x33 Drivers/STM32F1xx_HAL_Driver/Src/stm32f1xx_hal_pcd_ex.o
 .ARM.attributes
                0x0000000000000467       0x33 Drivers/STM32F1xx_HAL_Driver/Src/stm32f1xx_hal_rcc.o
 .ARM.attributes
                0x000000000000049a       0x33 Drivers/STM32F1xx_HAL_Driver/Src/stm32f1xx_hal_rcc_ex.o
 .ARM.attributes
                0x00000000000004cd       0x33 Drivers/STM32F1xx_HAL_Driver/Src/stm32f1xx_hal_tim.o
 .ARM.attributes
                0x0000000000000500       0x33 Drivers/STM32F1xx_HAL_Driver/Src/stm32f1xx_hal_tim_ex.o
 .ARM.attributes
                0x0000000000000533       0x33 Drivers/STM32F1xx_HAL_Driver/Src/stm32f1xx_ll_usb.o
 .ARM.attributes
                0x0000000000000566       0x33 Middlewares/ST/STM32_USB_Device_Library/Class/HID/Src/usbd_hid.o
 .ARM.attributes
                0x0000000000000599       0x33 Middlewares/ST/STM32_USB_Device_Library/Core/Src/usbd_core.o
 .ARM.attributes
                0x00000000000005cc       0x33 Middlewares/ST/STM32_USB_Device_Library/Core/Src/usbd_ctlreq.o
 .ARM.attributes
                0x00000000000005ff       0x33 Middlewares/ST/STM32_USB_Device_Library/Core/Src/usbd_ioreq.o
 .ARM.attributes
                0x0000000000000632       0x33 USB_DEVICE/App/usb_device.o
 .ARM.attributes
                0x0000000000000665       0x33 USB_DEVICE/App/usbd_desc.o
 .ARM.attributes
                0x0000000000000698       0x33 USB_DEVICE/Target/usbd_conf.o
 .ARM.attributes
                0x00000000000006cb       0x2d c:/st/stm32cubeide_1.5.1/stm32cubeide/plugins/com.st.stm32cube.ide.mcu.externaltools.gnu-tools-for-stm32.7-2018-q2-update.win32_1.5.0.202011040924/tools/bin/../lib/gcc/arm-none-eabi/7.3.1/../../../../arm-none-eabi/lib/thumb/v7-m\libc_nano.a(lib_a-init.o)
 .ARM.attributes
                0x00000000000006f8       0x2d c:/st/stm32cubeide_1.5.1/stm32cubeide/plugins/com.st.stm32cube.ide.mcu.externaltools.gnu-tools-for-stm32.7-2018-q2-update.win32_1.5.0.202011040924/tools/bin/../lib/gcc/arm-none-eabi/7.3.1/../../../../arm-none-eabi/lib/thumb/v7-m\libc_nano.a(lib_a-memcpy-stub.o)
 .ARM.attributes
                0x0000000000000725       0x2d c:/st/stm32cubeide_1.5.1/stm32cubeide/plugins/com.st.stm32cube.ide.mcu.externaltools.gnu-tools-for-stm32.7-2018-q2-update.win32_1.5.0.202011040924/tools/bin/../lib/gcc/arm-none-eabi/7.3.1/../../../../arm-none-eabi/lib/thumb/v7-m\libc_nano.a(lib_a-memset.o)
 .ARM.attributes
                0x0000000000000752       0x1d c:/st/stm32cubeide_1.5.1/stm32cubeide/plugins/com.st.stm32cube.ide.mcu.externaltools.gnu-tools-for-stm32.7-2018-q2-update.win32_1.5.0.202011040924/tools/bin/../lib/gcc/arm-none-eabi/7.3.1/thumb/v7-m/crtn.o
OUTPUT(MS Natural HID.elf elf32-littlearm)

.debug_info     0x0000000000000000    0x1affc
 .debug_info    0x0000000000000000     0x16b1 Core/Src/SEGGER_RTT.o
 .debug_info    0x00000000000016b1      0xd2c Core/Src/SEGGER_RTT_printf.o
 .debug_info    0x00000000000023dd      0x325 Core/Src/eee.o
 .debug_info    0x0000000000002702      0x54f Core/Src/gpio.o
 .debug_info    0x0000000000002c51      0x54e Core/Src/kb_matrix.o
 .debug_info    0x000000000000319f      0xe21 Core/Src/kb_prog.o
 .debug_info    0x0000000000003fc0     0x1774 Core/Src/keyboard.o
 .debug_info    0x0000000000005734     0x1679 Core/Src/main.o
 .debug_info    0x0000000000006dad     0x11f5 Core/Src/ps2.o
 .debug_info    0x0000000000007fa2      0x2d6 Core/Src/stm32f1xx_hal_msp.o
 .debug_info    0x0000000000008278      0x6b7 Core/Src/stm32f1xx_it.o
 .debug_info    0x000000000000892f      0x29a Core/Src/system_stm32f1xx.o
 .debug_info    0x0000000000008bc9      0x8fe Core/Src/tim.o
 .debug_info    0x00000000000094c7       0x22 Core/Startup/startup_stm32f103c8tx.o
 .debug_info    0x00000000000094e9      0x714 Drivers/STM32F1xx_HAL_Driver/Src/stm32f1xx_hal.o
 .debug_info    0x0000000000009bfd      0xb51 Drivers/STM32F1xx_HAL_Driver/Src/stm32f1xx_hal_cortex.o
 .debug_info    0x000000000000a74e      0x5a4 Drivers/STM32F1xx_HAL_Driver/Src/stm32f1xx_hal_flash.o
 .debug_info    0x000000000000acf2      0x827 Drivers/STM32F1xx_HAL_Driver/Src/stm32f1xx_hal_flash_ex.o
 .debug_info    0x000000000000b519      0x69b Drivers/STM32F1xx_HAL_Driver/Src/stm32f1xx_hal_gpio.o
 .debug_info    0x000000000000bbb4     0x122f Drivers/STM32F1xx_HAL_Driver/Src/stm32f1xx_hal_pcd.o
 .debug_info    0x000000000000cde3      0x785 Drivers/STM32F1xx_HAL_Driver/Src/stm32f1xx_hal_pcd_ex.o
 .debug_info    0x000000000000d568      0x80f Drivers/STM32F1xx_HAL_Driver/Src/stm32f1xx_hal_rcc.o
 .debug_info    0x000000000000dd77      0x444 Drivers/STM32F1xx_HAL_Driver/Src/stm32f1xx_hal_rcc_ex.o
 .debug_info    0x000000000000e1bb     0x27ef Drivers/STM32F1xx_HAL_Driver/Src/stm32f1xx_hal_tim.o
 .debug_info    0x00000000000109aa     0x136f Drivers/STM32F1xx_HAL_Driver/Src/stm32f1xx_hal_tim_ex.o
 .debug_info    0x0000000000011d19     0x17e7 Drivers/STM32F1xx_HAL_Driver/Src/stm32f1xx_ll_usb.o
 .debug_info    0x0000000000013500     0x1197 Middlewares/ST/STM32_USB_Device_Library/Class/HID/Src/usbd_hid.o
 .debug_info    0x0000000000014697     0x11d2 Middlewares/ST/STM32_USB_Device_Library/Core/Src/usbd_core.o
 .debug_info    0x0000000000015869     0x1142 Middlewares/ST/STM32_USB_Device_Library/Core/Src/usbd_ctlreq.o
 .debug_info    0x00000000000169ab      0xf33 Middlewares/ST/STM32_USB_Device_Library/Core/Src/usbd_ioreq.o
 .debug_info    0x00000000000178de      0xdc8 USB_DEVICE/App/usb_device.o
 .debug_info    0x00000000000186a6      0xd17 USB_DEVICE/App/usbd_desc.o
 .debug_info    0x00000000000193bd     0x1c3f USB_DEVICE/Target/usbd_conf.o

.debug_abbrev   0x0000000000000000     0x42ef
 .debug_abbrev  0x0000000000000000      0x2a0 Core/Src/SEGGER_RTT.o
 .debug_abbrev  0x00000000000002a0      0x23a Core/Src/SEGGER_RTT_printf.o
 .debug_abbrev  0x00000000000004da      0x165 Core/Src/eee.o
 .debug_abbrev  0x000000000000063f      0x157 Core/Src/gpio.o
 .debug_abbrev  0x0000000000000796      0x1f0 Core/Src/kb_matrix.o
 .debug_abbrev  0x0000000000000986      0x219 Core/Src/kb_prog.o
 .debug_abbrev  0x0000000000000b9f      0x34b Core/Src/keyboard.o
 .debug_abbrev  0x0000000000000eea      0x236 Core/Src/main.o
 .debug_abbrev  0x0000000000001120      0x327 Core/Src/ps2.o
 .debug_abbrev  0x0000000000001447      0x109 Core/Src/stm32f1xx_hal_msp.o
 .debug_abbrev  0x0000000000001550      0x155 Core/Src/stm32f1xx_it.o
 .debug_abbrev  0x00000000000016a5      0x134 Core/Src/system_stm32f1xx.o
 .debug_abbrev  0x00000000000017d9      0x1de Core/Src/tim.o
 .debug_abbrev  0x00000000000019b7       0x12 Core/Startup/startup_stm32f103c8tx.o
 .debug_abbrev  0x00000000000019c9      0x1c7 Drivers/STM32F1xx_HAL_Driver/Src/stm32f1xx_hal.o
 .debug_abbrev  0x0000000000001b90      0x2d5 Drivers/STM32F1xx_HAL_Driver/Src/stm32f1xx_hal_cortex.o
 .debug_abbrev  0x0000000000001e65      0x210 Drivers/STM32F1xx_HAL_Driver/Src/stm32f1xx_hal_flash.o
 .debug_abbrev  0x0000000000002075      0x21b Drivers/STM32F1xx_HAL_Driver/Src/stm32f1xx_hal_flash_ex.o
 .debug_abbrev  0x0000000000002290      0x1c0 Drivers/STM32F1xx_HAL_Driver/Src/stm32f1xx_hal_gpio.o
 .debug_abbrev  0x0000000000002450      0x268 Drivers/STM32F1xx_HAL_Driver/Src/stm32f1xx_hal_pcd.o
 .debug_abbrev  0x00000000000026b8      0x188 Drivers/STM32F1xx_HAL_Driver/Src/stm32f1xx_hal_pcd_ex.o
 .debug_abbrev  0x0000000000002840      0x243 Drivers/STM32F1xx_HAL_Driver/Src/stm32f1xx_hal_rcc.o
 .debug_abbrev  0x0000000000002a83      0x175 Drivers/STM32F1xx_HAL_Driver/Src/stm32f1xx_hal_rcc_ex.o
 .debug_abbrev  0x0000000000002bf8      0x230 Drivers/STM32F1xx_HAL_Driver/Src/stm32f1xx_hal_tim.o
 .debug_abbrev  0x0000000000002e28      0x236 Drivers/STM32F1xx_HAL_Driver/Src/stm32f1xx_hal_tim_ex.o
 .debug_abbrev  0x000000000000305e      0x1d2 Drivers/STM32F1xx_HAL_Driver/Src/stm32f1xx_ll_usb.o
 .debug_abbrev  0x0000000000003230      0x295 Middlewares/ST/STM32_USB_Device_Library/Class/HID/Src/usbd_hid.o
 .debug_abbrev  0x00000000000034c5      0x270 Middlewares/ST/STM32_USB_Device_Library/Core/Src/usbd_core.o
 .debug_abbrev  0x0000000000003735      0x2a0 Middlewares/ST/STM32_USB_Device_Library/Core/Src/usbd_ctlreq.o
 .debug_abbrev  0x00000000000039d5      0x1e0 Middlewares/ST/STM32_USB_Device_Library/Core/Src/usbd_ioreq.o
 .debug_abbrev  0x0000000000003bb5      0x1b5 USB_DEVICE/App/usb_device.o
 .debug_abbrev  0x0000000000003d6a      0x290 USB_DEVICE/App/usbd_desc.o
 .debug_abbrev  0x0000000000003ffa      0x2f5 USB_DEVICE/Target/usbd_conf.o

.debug_aranges  0x0000000000000000     0x1458
 .debug_aranges
                0x0000000000000000      0x110 Core/Src/SEGGER_RTT.o
 .debug_aranges
                0x0000000000000110       0x40 Core/Src/SEGGER_RTT_printf.o
 .debug_aranges
                0x0000000000000150       0x30 Core/Src/eee.o
 .debug_aranges
                0x0000000000000180       0x40 Core/Src/gpio.o
 .debug_aranges
                0x00000000000001c0       0x68 Core/Src/kb_matrix.o
 .debug_aranges
                0x0000000000000228       0x60 Core/Src/kb_prog.o
 .debug_aranges
                0x0000000000000288       0x98 Core/Src/keyboard.o
 .debug_aranges
                0x0000000000000320       0x30 Core/Src/main.o
 .debug_aranges
                0x0000000000000350       0x80 Core/Src/ps2.o
 .debug_aranges
                0x00000000000003d0       0x20 Core/Src/stm32f1xx_hal_msp.o
 .debug_aranges
                0x00000000000003f0       0x70 Core/Src/stm32f1xx_it.o
 .debug_aranges
                0x0000000000000460       0x28 Core/Src/system_stm32f1xx.o
 .debug_aranges
                0x0000000000000488       0x50 Core/Src/tim.o
 .debug_aranges
                0x00000000000004d8       0x28 Core/Startup/startup_stm32f103c8tx.o
 .debug_aranges
                0x0000000000000500       0xe0 Drivers/STM32F1xx_HAL_Driver/Src/stm32f1xx_hal.o
 .debug_aranges
                0x00000000000005e0      0x100 Drivers/STM32F1xx_HAL_Driver/Src/stm32f1xx_hal_cortex.o
 .debug_aranges
                0x00000000000006e0       0x88 Drivers/STM32F1xx_HAL_Driver/Src/stm32f1xx_hal_flash.o
 .debug_aranges
                0x0000000000000768       0x98 Drivers/STM32F1xx_HAL_Driver/Src/stm32f1xx_hal_flash_ex.o
 .debug_aranges
                0x0000000000000800       0x58 Drivers/STM32F1xx_HAL_Driver/Src/stm32f1xx_hal_gpio.o
 .debug_aranges
                0x0000000000000858      0x138 Drivers/STM32F1xx_HAL_Driver/Src/stm32f1xx_hal_pcd.o
 .debug_aranges
                0x0000000000000990       0x38 Drivers/STM32F1xx_HAL_Driver/Src/stm32f1xx_hal_pcd_ex.o
 .debug_aranges
                0x00000000000009c8       0x90 Drivers/STM32F1xx_HAL_Driver/Src/stm32f1xx_hal_rcc.o
 .debug_aranges
                0x0000000000000a58       0x30 Drivers/STM32F1xx_HAL_Driver/Src/stm32f1xx_hal_rcc_ex.o
 .debug_aranges
                0x0000000000000a88      0x3d0 Drivers/STM32F1xx_HAL_Driver/Src/stm32f1xx_hal_tim.o
 .debug_aranges
                0x0000000000000e58      0x168 Drivers/STM32F1xx_HAL_Driver/Src/stm32f1xx_hal_tim_ex.o
 .debug_aranges
                0x0000000000000fc0       0xf0 Drivers/STM32F1xx_HAL_Driver/Src/stm32f1xx_ll_usb.o
 .debug_aranges
                0x00000000000010b0       0x78 Middlewares/ST/STM32_USB_Device_Library/Class/HID/Src/usbd_hid.o
 .debug_aranges
                0x0000000000001128       0xb8 Middlewares/ST/STM32_USB_Device_Library/Core/Src/usbd_core.o
 .debug_aranges
                0x00000000000011e0       0x88 Middlewares/ST/STM32_USB_Device_Library/Core/Src/usbd_ctlreq.o
 .debug_aranges
                0x0000000000001268       0x50 Middlewares/ST/STM32_USB_Device_Library/Core/Src/usbd_ioreq.o
 .debug_aranges
                0x00000000000012b8       0x20 USB_DEVICE/App/usb_device.o
 .debug_aranges
                0x00000000000012d8       0x60 USB_DEVICE/App/usbd_desc.o
 .debug_aranges
                0x0000000000001338      0x120 USB_DEVICE/Target/usbd_conf.o

.debug_ranges   0x0000000000000000     0x1298
 .debug_ranges  0x0000000000000000      0x100 Core/Src/SEGGER_RTT.o
 .debug_ranges  0x0000000000000100       0x48 Core/Src/SEGGER_RTT_printf.o
 .debug_ranges  0x0000000000000148       0x20 Core/Src/eee.o
 .debug_ranges  0x0000000000000168       0x30 Core/Src/gpio.o
 .debug_ranges  0x0000000000000198       0x58 Core/Src/kb_matrix.o
 .debug_ranges  0x00000000000001f0       0x50 Core/Src/kb_prog.o
 .debug_ranges  0x0000000000000240       0x88 Core/Src/keyboard.o
 .debug_ranges  0x00000000000002c8       0x20 Core/Src/main.o
 .debug_ranges  0x00000000000002e8       0xa0 Core/Src/ps2.o
 .debug_ranges  0x0000000000000388       0x10 Core/Src/stm32f1xx_hal_msp.o
 .debug_ranges  0x0000000000000398       0x60 Core/Src/stm32f1xx_it.o
 .debug_ranges  0x00000000000003f8       0x18 Core/Src/system_stm32f1xx.o
 .debug_ranges  0x0000000000000410       0x40 Core/Src/tim.o
 .debug_ranges  0x0000000000000450       0x20 Core/Startup/startup_stm32f103c8tx.o
 .debug_ranges  0x0000000000000470       0xd0 Drivers/STM32F1xx_HAL_Driver/Src/stm32f1xx_hal.o
 .debug_ranges  0x0000000000000540       0xf0 Drivers/STM32F1xx_HAL_Driver/Src/stm32f1xx_hal_cortex.o
 .debug_ranges  0x0000000000000630       0x78 Drivers/STM32F1xx_HAL_Driver/Src/stm32f1xx_hal_flash.o
 .debug_ranges  0x00000000000006a8       0x88 Drivers/STM32F1xx_HAL_Driver/Src/stm32f1xx_hal_flash_ex.o
 .debug_ranges  0x0000000000000730       0x48 Drivers/STM32F1xx_HAL_Driver/Src/stm32f1xx_hal_gpio.o
 .debug_ranges  0x0000000000000778      0x128 Drivers/STM32F1xx_HAL_Driver/Src/stm32f1xx_hal_pcd.o
 .debug_ranges  0x00000000000008a0       0x28 Drivers/STM32F1xx_HAL_Driver/Src/stm32f1xx_hal_pcd_ex.o
 .debug_ranges  0x00000000000008c8       0x80 Drivers/STM32F1xx_HAL_Driver/Src/stm32f1xx_hal_rcc.o
 .debug_ranges  0x0000000000000948       0x20 Drivers/STM32F1xx_HAL_Driver/Src/stm32f1xx_hal_rcc_ex.o
 .debug_ranges  0x0000000000000968      0x3c0 Drivers/STM32F1xx_HAL_Driver/Src/stm32f1xx_hal_tim.o
 .debug_ranges  0x0000000000000d28      0x158 Drivers/STM32F1xx_HAL_Driver/Src/stm32f1xx_hal_tim_ex.o
 .debug_ranges  0x0000000000000e80       0xe0 Drivers/STM32F1xx_HAL_Driver/Src/stm32f1xx_ll_usb.o
 .debug_ranges  0x0000000000000f60       0x68 Middlewares/ST/STM32_USB_Device_Library/Class/HID/Src/usbd_hid.o
 .debug_ranges  0x0000000000000fc8       0xa8 Middlewares/ST/STM32_USB_Device_Library/Core/Src/usbd_core.o
 .debug_ranges  0x0000000000001070       0x78 Middlewares/ST/STM32_USB_Device_Library/Core/Src/usbd_ctlreq.o
 .debug_ranges  0x00000000000010e8       0x40 Middlewares/ST/STM32_USB_Device_Library/Core/Src/usbd_ioreq.o
 .debug_ranges  0x0000000000001128       0x10 USB_DEVICE/App/usb_device.o
 .debug_ranges  0x0000000000001138       0x50 USB_DEVICE/App/usbd_desc.o
 .debug_ranges  0x0000000000001188      0x110 USB_DEVICE/Target/usbd_conf.o

.debug_macro    0x0000000000000000    0x1c5f6
 .debug_macro   0x0000000000000000      0x19f Core/Src/SEGGER_RTT.o
 .debug_macro   0x000000000000019f      0xa5a Core/Src/SEGGER_RTT.o
 .debug_macro   0x0000000000000bf9       0x48 Core/Src/SEGGER_RTT.o
 .debug_macro   0x0000000000000c41       0x18 Core/Src/SEGGER_RTT.o
 .debug_macro   0x0000000000000c59       0x22 Core/Src/SEGGER_RTT.o
 .debug_macro   0x0000000000000c7b       0x40 Core/Src/SEGGER_RTT.o
 .debug_macro   0x0000000000000cbb       0x94 Core/Src/SEGGER_RTT.o
 .debug_macro   0x0000000000000d4f       0x3c Core/Src/SEGGER_RTT.o
 .debug_macro   0x0000000000000d8b       0x34 Core/Src/SEGGER_RTT.o
 .debug_macro   0x0000000000000dbf       0x16 Core/Src/SEGGER_RTT.o
 .debug_macro   0x0000000000000dd5      0x10e Core/Src/SEGGER_RTT.o
 .debug_macro   0x0000000000000ee3       0x8d Core/Src/SEGGER_RTT.o
 .debug_macro   0x0000000000000f70       0x57 Core/Src/SEGGER_RTT.o
 .debug_macro   0x0000000000000fc7       0x52 Core/Src/SEGGER_RTT.o
 .debug_macro   0x0000000000001019       0x1f Core/Src/SEGGER_RTT.o
 .debug_macro   0x0000000000001038       0x43 Core/Src/SEGGER_RTT.o
 .debug_macro   0x000000000000107b       0x20 Core/Src/SEGGER_RTT.o
 .debug_macro   0x000000000000109b      0x1a3 Core/Src/SEGGER_RTT.o
 .debug_macro   0x000000000000123e      0x330 Core/Src/SEGGER_RTT.o
 .debug_macro   0x000000000000156e       0x16 Core/Src/SEGGER_RTT.o
 .debug_macro   0x0000000000001584       0x29 Core/Src/SEGGER_RTT.o
 .debug_macro   0x00000000000015ad       0x58 Core/Src/SEGGER_RTT.o
 .debug_macro   0x0000000000001605      0x115 Core/Src/SEGGER_RTT.o
 .debug_macro   0x000000000000171a       0x16 Core/Src/SEGGER_RTT.o
 .debug_macro   0x0000000000001730       0x35 Core/Src/SEGGER_RTT.o
 .debug_macro   0x0000000000001765       0x20 Core/Src/SEGGER_RTT.o
 .debug_macro   0x0000000000001785      0x133 Core/Src/SEGGER_RTT_printf.o
 .debug_macro   0x00000000000018b8      0x1e3 Core/Src/eee.o
 .debug_macro   0x0000000000001a9b      0x21b Core/Src/eee.o
 .debug_macro   0x0000000000001cb6       0x2e Core/Src/eee.o
 .debug_macro   0x0000000000001ce4       0x22 Core/Src/eee.o
 .debug_macro   0x0000000000001d06       0x8e Core/Src/eee.o
 .debug_macro   0x0000000000001d94       0x51 Core/Src/eee.o
 .debug_macro   0x0000000000001de5       0xef Core/Src/eee.o
 .debug_macro   0x0000000000001ed4       0x6a Core/Src/eee.o
 .debug_macro   0x0000000000001f3e      0x1df Core/Src/eee.o
 .debug_macro   0x000000000000211d       0x1c Core/Src/eee.o
 .debug_macro   0x0000000000002139       0x22 Core/Src/eee.o
 .debug_macro   0x000000000000215b       0xc3 Core/Src/eee.o
 .debug_macro   0x000000000000221e      0xd23 Core/Src/eee.o
 .debug_macro   0x0000000000002f41     0xe097 Core/Src/eee.o
 .debug_macro   0x0000000000010fd8       0x43 Core/Src/eee.o
 .debug_macro   0x000000000001101b     0x3468 Core/Src/eee.o
 .debug_macro   0x0000000000014483      0x174 Core/Src/eee.o
 .debug_macro   0x00000000000145f7       0x5c Core/Src/eee.o
 .debug_macro   0x0000000000014653      0x5be Core/Src/eee.o
 .debug_macro   0x0000000000014c11      0x289 Core/Src/eee.o
 .debug_macro   0x0000000000014e9a      0x1cb Core/Src/eee.o
 .debug_macro   0x0000000000015065      0x114 Core/Src/eee.o
 .debug_macro   0x0000000000015179      0x1b2 Core/Src/eee.o
 .debug_macro   0x000000000001532b       0x27 Core/Src/eee.o
 .debug_macro   0x0000000000015352      0x136 Core/Src/eee.o
 .debug_macro   0x0000000000015488      0x1bc Core/Src/eee.o
 .debug_macro   0x0000000000015644       0x34 Core/Src/eee.o
 .debug_macro   0x0000000000015678       0x3c Core/Src/eee.o
 .debug_macro   0x00000000000156b4       0x57 Core/Src/eee.o
 .debug_macro   0x000000000001570b       0x88 Core/Src/eee.o
 .debug_macro   0x0000000000015793      0x241 Core/Src/eee.o
 .debug_macro   0x00000000000159d4      0x141 Core/Src/eee.o
 .debug_macro   0x0000000000015b15      0x8d1 Core/Src/eee.o
 .debug_macro   0x00000000000163e6       0x65 Core/Src/eee.o
 .debug_macro   0x000000000001644b      0x249 Core/Src/eee.o
 .debug_macro   0x0000000000016694       0x83 Core/Src/eee.o
 .debug_macro   0x0000000000016717       0x3a Core/Src/eee.o
 .debug_macro   0x0000000000016751       0x28 Core/Src/eee.o
 .debug_macro   0x0000000000016779      0x1d6 Core/Src/gpio.o
 .debug_macro   0x000000000001694f      0x214 Core/Src/kb_matrix.o
 .debug_macro   0x0000000000016b63       0x10 Core/Src/kb_matrix.o
 .debug_macro   0x0000000000016b73       0xd6 Core/Src/kb_matrix.o
 .debug_macro   0x0000000000016c49      0x369 Core/Src/kb_matrix.o
 .debug_macro   0x0000000000016fb2       0x22 Core/Src/kb_matrix.o
 .debug_macro   0x0000000000016fd4      0x2d0 Core/Src/kb_prog.o
 .debug_macro   0x00000000000172a4       0x46 Core/Src/kb_prog.o
 .debug_macro   0x00000000000172ea      0x32a Core/Src/kb_prog.o
 .debug_macro   0x0000000000017614      0x40d Core/Src/keyboard.o
 .debug_macro   0x0000000000017a21       0x16 Core/Src/keyboard.o
 .debug_macro   0x0000000000017a37       0x10 Core/Src/keyboard.o
 .debug_macro   0x0000000000017a47       0x10 Core/Src/keyboard.o
 .debug_macro   0x0000000000017a57       0x1c Core/Src/keyboard.o
 .debug_macro   0x0000000000017a73       0x52 Core/Src/keyboard.o
 .debug_macro   0x0000000000017ac5       0x40 Core/Src/keyboard.o
 .debug_macro   0x0000000000017b05       0x10 Core/Src/keyboard.o
 .debug_macro   0x0000000000017b15       0x40 Core/Src/keyboard.o
 .debug_macro   0x0000000000017b55       0xd7 Core/Src/keyboard.o
 .debug_macro   0x0000000000017c2c       0x1c Core/Src/keyboard.o
 .debug_macro   0x0000000000017c48       0x3d Core/Src/keyboard.o
 .debug_macro   0x0000000000017c85       0x16 Core/Src/keyboard.o
 .debug_macro   0x0000000000017c9b      0x145 Core/Src/keyboard.o
 .debug_macro   0x0000000000017de0       0x60 Core/Src/keyboard.o
 .debug_macro   0x0000000000017e40      0x1c8 Core/Src/keyboard.o
 .debug_macro   0x0000000000018008       0x70 Core/Src/keyboard.o
 .debug_macro   0x0000000000018078       0x2e Core/Src/keyboard.o
 .debug_macro   0x00000000000180a6      0x434 Core/Src/main.o
 .debug_macro   0x00000000000184da       0x4c Core/Src/main.o
 .debug_macro   0x0000000000018526      0x40a Core/Src/ps2.o
 .debug_macro   0x0000000000018930      0x1cc Core/Src/stm32f1xx_hal_msp.o
 .debug_macro   0x0000000000018afc      0x1d6 Core/Src/stm32f1xx_it.o
 .debug_macro   0x0000000000018cd2      0x1bd Core/Src/system_stm32f1xx.o
 .debug_macro   0x0000000000018e8f      0x1d6 Core/Src/tim.o
 .debug_macro   0x0000000000019065      0x1e1 Drivers/STM32F1xx_HAL_Driver/Src/stm32f1xx_hal.o
 .debug_macro   0x0000000000019246      0x1bd Drivers/STM32F1xx_HAL_Driver/Src/stm32f1xx_hal_cortex.o
 .debug_macro   0x0000000000019403      0x1bd Drivers/STM32F1xx_HAL_Driver/Src/stm32f1xx_hal_flash.o
 .debug_macro   0x00000000000195c0      0x1cf Drivers/STM32F1xx_HAL_Driver/Src/stm32f1xx_hal_flash_ex.o
 .debug_macro   0x000000000001978f      0x228 Drivers/STM32F1xx_HAL_Driver/Src/stm32f1xx_hal_gpio.o
 .debug_macro   0x00000000000199b7      0x1c9 Drivers/STM32F1xx_HAL_Driver/Src/stm32f1xx_hal_pcd.o
 .debug_macro   0x0000000000019b80      0x1bd Drivers/STM32F1xx_HAL_Driver/Src/stm32f1xx_hal_pcd_ex.o
 .debug_macro   0x0000000000019d3d      0x1cf Drivers/STM32F1xx_HAL_Driver/Src/stm32f1xx_hal_rcc.o
 .debug_macro   0x0000000000019f0c      0x1bd Drivers/STM32F1xx_HAL_Driver/Src/stm32f1xx_hal_rcc_ex.o
 .debug_macro   0x000000000001a0c9      0x1be Drivers/STM32F1xx_HAL_Driver/Src/stm32f1xx_hal_tim.o
 .debug_macro   0x000000000001a287      0x1bd Drivers/STM32F1xx_HAL_Driver/Src/stm32f1xx_hal_tim_ex.o
 .debug_macro   0x000000000001a444      0x1bd Drivers/STM32F1xx_HAL_Driver/Src/stm32f1xx_ll_usb.o
 .debug_macro   0x000000000001a601      0x3d9 Middlewares/ST/STM32_USB_Device_Library/Class/HID/Src/usbd_hid.o
 .debug_macro   0x000000000001a9da       0x97 Middlewares/ST/STM32_USB_Device_Library/Class/HID/Src/usbd_hid.o
 .debug_macro   0x000000000001aa71       0xfd Middlewares/ST/STM32_USB_Device_Library/Class/HID/Src/usbd_hid.o
 .debug_macro   0x000000000001ab6e       0xbd Middlewares/ST/STM32_USB_Device_Library/Class/HID/Src/usbd_hid.o
 .debug_macro   0x000000000001ac2b       0x56 Middlewares/ST/STM32_USB_Device_Library/Class/HID/Src/usbd_hid.o
 .debug_macro   0x000000000001ac81      0x3c0 Middlewares/ST/STM32_USB_Device_Library/Core/Src/usbd_core.o
 .debug_macro   0x000000000001b041      0x1ce Middlewares/ST/STM32_USB_Device_Library/Core/Src/usbd_core.o
 .debug_macro   0x000000000001b20f      0x3ca Middlewares/ST/STM32_USB_Device_Library/Core/Src/usbd_ctlreq.o
 .debug_macro   0x000000000001b5d9      0x3c6 Middlewares/ST/STM32_USB_Device_Library/Core/Src/usbd_ioreq.o
 .debug_macro   0x000000000001b99f      0x3f0 USB_DEVICE/App/usb_device.o
 .debug_macro   0x000000000001bd8f       0x40 USB_DEVICE/App/usb_device.o
 .debug_macro   0x000000000001bdcf       0x22 USB_DEVICE/App/usb_device.o
 .debug_macro   0x000000000001bdf1      0x3fd USB_DEVICE/App/usbd_desc.o
 .debug_macro   0x000000000001c1ee       0x1c USB_DEVICE/App/usbd_desc.o
 .debug_macro   0x000000000001c20a      0x3ec USB_DEVICE/Target/usbd_conf.o

.debug_line     0x0000000000000000    0x14a5b
 .debug_line    0x0000000000000000      0x919 Core/Src/SEGGER_RTT.o
 .debug_line    0x0000000000000919      0x66b Core/Src/SEGGER_RTT_printf.o
 .debug_line    0x0000000000000f84      0x6d7 Core/Src/eee.o
 .debug_line    0x000000000000165b      0x720 Core/Src/gpio.o
 .debug_line    0x0000000000001d7b      0x837 Core/Src/kb_matrix.o
 .debug_line    0x00000000000025b2      0x943 Core/Src/kb_prog.o
 .debug_line    0x0000000000002ef5      0xcca Core/Src/keyboard.o
 .debug_line    0x0000000000003bbf      0xa66 Core/Src/main.o
 .debug_line    0x0000000000004625      0xa94 Core/Src/ps2.o
 .debug_line    0x00000000000050b9      0x6a7 Core/Src/stm32f1xx_hal_msp.o
 .debug_line    0x0000000000005760      0x772 Core/Src/stm32f1xx_it.o
 .debug_line    0x0000000000005ed2      0x6ce Core/Src/system_stm32f1xx.o
 .debug_line    0x00000000000065a0      0x722 Core/Src/tim.o
 .debug_line    0x0000000000006cc2       0x84 Core/Startup/startup_stm32f103c8tx.o
 .debug_line    0x0000000000006d46      0x881 Drivers/STM32F1xx_HAL_Driver/Src/stm32f1xx_hal.o
 .debug_line    0x00000000000075c7      0x958 Drivers/STM32F1xx_HAL_Driver/Src/stm32f1xx_hal_cortex.o
 .debug_line    0x0000000000007f1f      0x89c Drivers/STM32F1xx_HAL_Driver/Src/stm32f1xx_hal_flash.o
 .debug_line    0x00000000000087bb      0x8eb Drivers/STM32F1xx_HAL_Driver/Src/stm32f1xx_hal_flash_ex.o
 .debug_line    0x00000000000090a6      0x87d Drivers/STM32F1xx_HAL_Driver/Src/stm32f1xx_hal_gpio.o
 .debug_line    0x0000000000009923      0xce5 Drivers/STM32F1xx_HAL_Driver/Src/stm32f1xx_hal_pcd.o
 .debug_line    0x000000000000a608      0x6f2 Drivers/STM32F1xx_HAL_Driver/Src/stm32f1xx_hal_pcd_ex.o
 .debug_line    0x000000000000acfa      0x941 Drivers/STM32F1xx_HAL_Driver/Src/stm32f1xx_hal_rcc.o
 .debug_line    0x000000000000b63b      0x75f Drivers/STM32F1xx_HAL_Driver/Src/stm32f1xx_hal_rcc_ex.o
 .debug_line    0x000000000000bd9a     0x1fda Drivers/STM32F1xx_HAL_Driver/Src/stm32f1xx_hal_tim.o
 .debug_line    0x000000000000dd74     0x12e8 Drivers/STM32F1xx_HAL_Driver/Src/stm32f1xx_hal_tim_ex.o
 .debug_line    0x000000000000f05c      0xd1a Drivers/STM32F1xx_HAL_Driver/Src/stm32f1xx_ll_usb.o
 .debug_line    0x000000000000fd76      0xaee Middlewares/ST/STM32_USB_Device_Library/Class/HID/Src/usbd_hid.o
 .debug_line    0x0000000000010864      0xb98 Middlewares/ST/STM32_USB_Device_Library/Core/Src/usbd_core.o
 .debug_line    0x00000000000113fc      0xc21 Middlewares/ST/STM32_USB_Device_Library/Core/Src/usbd_ctlreq.o
 .debug_line    0x000000000001201d      0xa01 Middlewares/ST/STM32_USB_Device_Library/Core/Src/usbd_ioreq.o
 .debug_line    0x0000000000012a1e      0x9d0 USB_DEVICE/App/usb_device.o
 .debug_line    0x00000000000133ee      0xa35 USB_DEVICE/App/usbd_desc.o
 .debug_line    0x0000000000013e23      0xc38 USB_DEVICE/Target/usbd_conf.o

.debug_str      0x0000000000000000    0x9190d
 .debug_str     0x0000000000000000     0x717c Core/Src/SEGGER_RTT.o
                                       0x739f (size before relaxing)
 .debug_str     0x000000000000717c      0x17f Core/Src/SEGGER_RTT_printf.o
                                       0x6f6a (size before relaxing)
 .debug_str     0x00000000000072fb    0x80852 Core/Src/eee.o
                                      0x83e7c (size before relaxing)
 .debug_str     0x0000000000087b4d      0x32d Core/Src/gpio.o
                                      0x8409f (size before relaxing)
 .debug_str     0x0000000000087e7a     0x2f65 Core/Src/kb_matrix.o
                                      0x86daa (size before relaxing)
 .debug_str     0x000000000008addf      0x102 Core/Src/kb_prog.o
                                      0x8a159 (size before relaxing)
 .debug_str     0x000000000008aee1     0x25e2 Core/Src/keyboard.o
                                      0x8c5a0 (size before relaxing)
 .debug_str     0x000000000008d4c3      0x5f3 Core/Src/main.o
                                      0x8a59f (size before relaxing)
 .debug_str     0x000000000008dab6      0x1a0 Core/Src/ps2.o
                                      0x8889d (size before relaxing)