keyboard.c:27:13:send_system	24	static
keyboard.c:45:13:send_consumer	24	static
keyboard.c:64:6:add_mods	16	static
keyboard.c:65:6:del_mods	16	static
keyboard.c:68:20:add_key_byte	24	static
keyboard.c:87:20:del_key_byte	24	static
keyboard.c:96:6:clear_keys	16	static
keyboard.c:106:9:keymap_key_to_keycode	16	static
keyboard.c:112:6:register_code	16	static
keyboard.c:141:6:unregister_code	16	static
keyboard.c:185:6:process_keyboard_USB	8	static
keyboard.c:204:6:USB_HID_buffer_sent_Callback	4	static
keyboard.c:217:6:kbuf_push	24	static
keyboard.c:227:9:kbuf_has_data	4	static
keyboard.c:232:6:kbuf_clear	4	static
keyboard.c:237:6:send_keyboard_report	8	static
