keyboard.c:29:13:send_system	24	static
keyboard.c:44:13:send_consumer	24	static
keyboard.c:60:6:add_mods	16	static
keyboard.c:61:6:del_mods	16	static
keyboard.c:64:20:add_key_byte	24	static
keyboard.c:83:20:del_key_byte	24	static
keyboard.c:92:6:clear_keys	16	static
keyboard.c:102:9:keymap_key_to_keycode	16	static
keyboard.c:108:6:register_code	16	static
keyboard.c:141:6:unregister_code	16	static
keyboard.c:189:6:process_keyboard_USB	8	static
keyboard.c:239:6:USB_HID_buffer_sent_Callback	4	static
keyboard.c:252:6:kbuf_push	24	static
keyboard.c:262:9:kbuf_has_data	4	static
keyboard.c:267:6:kbuf_clear	4	static
keyboard.c:272:6:send_keyboard_report	8	static
